Archive member included to satisfy reference by file (symbol)

/usr/lib/gcc/arm-none-eabi/9.2.1/thumb/v6-m/nofp/libgcc.a(_dvmd_tls.o)
                              CMakeFiles/WaveGuide.dir/home/leviathan/Documents/git/Pico_official/pico/pico-sdk/src/rp2_common/pico_divider/divider.S.obj (__aeabi_idiv0)
/usr/lib/gcc/arm-none-eabi/9.2.1/thumb/v6-m/nofp/libgcc.a(unwind-arm.o)
                              CMakeFiles/WaveGuide.dir/WaveGuide.cpp.obj (__aeabi_unwind_cpp_pr0)
/usr/lib/gcc/arm-none-eabi/9.2.1/thumb/v6-m/nofp/libgcc.a(libunwind.o)
                              /usr/lib/gcc/arm-none-eabi/9.2.1/thumb/v6-m/nofp/libgcc.a(unwind-arm.o) (restore_core_regs)
/usr/lib/gcc/arm-none-eabi/9.2.1/thumb/v6-m/nofp/libgcc.a(pr-support.o)
                              /usr/lib/gcc/arm-none-eabi/9.2.1/thumb/v6-m/nofp/libgcc.a(unwind-arm.o) (__gnu_unwind_execute)
/usr/lib/gcc/arm-none-eabi/9.2.1/../../../arm-none-eabi/lib/thumb/v6-m/nofp/libg.a(lib_a-abort.o)
                              /usr/lib/gcc/arm-none-eabi/9.2.1/thumb/v6-m/nofp/libgcc.a(unwind-arm.o) (abort)
/usr/lib/gcc/arm-none-eabi/9.2.1/../../../arm-none-eabi/lib/thumb/v6-m/nofp/libg.a(lib_a-atexit.o)
                              /usr/lib/gcc/arm-none-eabi/9.2.1/../../../arm-none-eabi/lib/thumb/v6-m/nofp/crt0.o (atexit)
/usr/lib/gcc/arm-none-eabi/9.2.1/../../../arm-none-eabi/lib/thumb/v6-m/nofp/libg.a(lib_a-calloc.o)
                              CMakeFiles/WaveGuide.dir/home/leviathan/Documents/git/Pico_official/pico/pico-sdk/src/rp2_common/pico_malloc/pico_malloc.c.obj (calloc)
/usr/lib/gcc/arm-none-eabi/9.2.1/../../../arm-none-eabi/lib/thumb/v6-m/nofp/libg.a(lib_a-callocr.o)
                              /usr/lib/gcc/arm-none-eabi/9.2.1/../../../arm-none-eabi/lib/thumb/v6-m/nofp/libg.a(lib_a-calloc.o) (_calloc_r)
/usr/lib/gcc/arm-none-eabi/9.2.1/../../../arm-none-eabi/lib/thumb/v6-m/nofp/libg.a(lib_a-fini.o)
                              /usr/lib/gcc/arm-none-eabi/9.2.1/../../../arm-none-eabi/lib/thumb/v6-m/nofp/crt0.o (__libc_fini_array)
/usr/lib/gcc/arm-none-eabi/9.2.1/../../../arm-none-eabi/lib/thumb/v6-m/nofp/libg.a(lib_a-impure.o)
                              /usr/lib/gcc/arm-none-eabi/9.2.1/../../../arm-none-eabi/lib/thumb/v6-m/nofp/libg.a(lib_a-calloc.o) (_impure_ptr)
/usr/lib/gcc/arm-none-eabi/9.2.1/../../../arm-none-eabi/lib/thumb/v6-m/nofp/libg.a(lib_a-init.o)
                              /usr/lib/gcc/arm-none-eabi/9.2.1/../../../arm-none-eabi/lib/thumb/v6-m/nofp/crt0.o (__libc_init_array)
/usr/lib/gcc/arm-none-eabi/9.2.1/../../../arm-none-eabi/lib/thumb/v6-m/nofp/libg.a(lib_a-malloc.o)
                              CMakeFiles/WaveGuide.dir/home/leviathan/Documents/git/Pico_official/pico/pico-sdk/src/rp2_common/pico_malloc/pico_malloc.c.obj (malloc)
/usr/lib/gcc/arm-none-eabi/9.2.1/../../../arm-none-eabi/lib/thumb/v6-m/nofp/libg.a(lib_a-mallocr.o)
                              /usr/lib/gcc/arm-none-eabi/9.2.1/../../../arm-none-eabi/lib/thumb/v6-m/nofp/libg.a(lib_a-callocr.o) (_malloc_r)
/usr/lib/gcc/arm-none-eabi/9.2.1/../../../arm-none-eabi/lib/thumb/v6-m/nofp/libg.a(lib_a-mlock.o)
                              /usr/lib/gcc/arm-none-eabi/9.2.1/../../../arm-none-eabi/lib/thumb/v6-m/nofp/libg.a(lib_a-mallocr.o) (__malloc_lock)
/usr/lib/gcc/arm-none-eabi/9.2.1/../../../arm-none-eabi/lib/thumb/v6-m/nofp/libg.a(lib_a-realloc.o)
                              CMakeFiles/WaveGuide.dir/home/leviathan/Documents/git/Pico_official/pico/pico-sdk/src/rp2_common/pico_malloc/pico_malloc.c.obj (realloc)
/usr/lib/gcc/arm-none-eabi/9.2.1/../../../arm-none-eabi/lib/thumb/v6-m/nofp/libg.a(lib_a-reallocr.o)
                              /usr/lib/gcc/arm-none-eabi/9.2.1/../../../arm-none-eabi/lib/thumb/v6-m/nofp/libg.a(lib_a-realloc.o) (_realloc_r)
/usr/lib/gcc/arm-none-eabi/9.2.1/../../../arm-none-eabi/lib/thumb/v6-m/nofp/libg.a(lib_a-sbrkr.o)
                              /usr/lib/gcc/arm-none-eabi/9.2.1/../../../arm-none-eabi/lib/thumb/v6-m/nofp/libg.a(lib_a-mallocr.o) (_sbrk_r)
/usr/lib/gcc/arm-none-eabi/9.2.1/../../../arm-none-eabi/lib/thumb/v6-m/nofp/libg.a(lib_a-signal.o)
                              /usr/lib/gcc/arm-none-eabi/9.2.1/../../../arm-none-eabi/lib/thumb/v6-m/nofp/libg.a(lib_a-abort.o) (raise)
/usr/lib/gcc/arm-none-eabi/9.2.1/../../../arm-none-eabi/lib/thumb/v6-m/nofp/libg.a(lib_a-signalr.o)
                              /usr/lib/gcc/arm-none-eabi/9.2.1/../../../arm-none-eabi/lib/thumb/v6-m/nofp/libg.a(lib_a-signal.o) (_kill_r)
/usr/lib/gcc/arm-none-eabi/9.2.1/../../../arm-none-eabi/lib/thumb/v6-m/nofp/libg.a(lib_a-strlen-stub.o)
                              CMakeFiles/WaveGuide.dir/home/leviathan/Documents/git/Pico_official/pico/pico-sdk/src/rp2_common/pico_stdio/stdio.c.obj (strlen)
/usr/lib/gcc/arm-none-eabi/9.2.1/../../../arm-none-eabi/lib/thumb/v6-m/nofp/libg.a(lib_a-__atexit.o)
                              /usr/lib/gcc/arm-none-eabi/9.2.1/../../../arm-none-eabi/lib/thumb/v6-m/nofp/libg.a(lib_a-atexit.o) (__register_exitproc)
[...]
Memory Configuration

Name             Origin             Length             Attributes
FLASH            0x0000000010000000 0x0000000000200000 xr
RAM              0x0000000020000000 0x0000000000040000 xrw
SCRATCH_X        0x0000000020040000 0x0000000000001000 xrw
SCRATCH_Y        0x0000000020041000 0x0000000000001000 xrw
*default*        0x0000000000000000 0xffffffffffffffff

Linker script and memory map

LOAD /usr/lib/gcc/arm-none-eabi/9.2.1/thumb/v6-m/nofp/crti.o
LOAD /usr/lib/gcc/arm-none-eabi/9.2.1/thumb/v6-m/nofp/crtbegin.o
LOAD /usr/lib/gcc/arm-none-eabi/9.2.1/../../../arm-none-eabi/lib/thumb/v6-m/nofp/crt0.o

.flash_begin    0x0000000010000000        0x0
                0x0000000010000000                __flash_binary_start = .

.boot2          0x0000000010000000      0x100
                0x0000000010000000                __boot2_start__ = .
 *(.boot2)
 .boot2         0x0000000010000000      0x100 /tmp/cco5dx5s.o
                0x0000000010000100                __boot2_end__ = .
                0x0000000000000001                ASSERT (((__boot2_end__ - __boot2_start__) == 0x100), ERROR: Pico second stage bootloader must be 256 bytes in size)

.text           0x0000000010000100     0x4ea0
                0x0000000010000100                __logical_binary_start = .
 *(.vectors)
 .vectors       0x0000000010000100       0xd4 CMakeFiles/WaveGuide.dir/home/leviathan/Documents/git/Pico_official/pico/pico-sdk/src/rp2_common/pico_standard_link/crt0.S.obj
                0x0000000010000100                __vectors
                0x0000000010000100                __VECTOR_TABLE
                0x00000000100001c0                isr_invalid
                0x00000000100001c0                __default_isrs_start
                0x00000000100001c2                isr_nmi
                0x00000000100001c4                isr_hardfault
                0x00000000100001c6                isr_svcall
                0x00000000100001c8                isr_pendsv
                0x00000000100001ca                isr_systick
                0x00000000100001cc                isr_irq30
                0x00000000100001cc                __unhandled_user_irq
                0x00000000100001cc                isr_irq13
                0x00000000100001cc                isr_irq27
                0x00000000100001cc                isr_irq31
                0x00000000100001cc                isr_irq5
                0x00000000100001cc                isr_irq11
                0x00000000100001cc                isr_irq23
                0x00000000100001cc                isr_irq18
                0x00000000100001cc                isr_irq28
                0x00000000100001cc                isr_irq19
                0x00000000100001cc                isr_irq0
                0x00000000100001cc                isr_irq6
                0x00000000100001cc                isr_irq22
                0x00000000100001cc                isr_irq17
                0x00000000100001cc                isr_irq14
                0x00000000100001cc                isr_irq2
                0x00000000100001cc                isr_irq10
                0x00000000100001cc                isr_irq8
                0x00000000100001cc                isr_irq24
                0x00000000100001cc                isr_irq1
                0x00000000100001cc                isr_irq7
                0x00000000100001cc                isr_irq21
                0x00000000100001cc                isr_irq20
                0x00000000100001cc                isr_irq15
                0x00000000100001cc                isr_irq25
                0x00000000100001cc                isr_irq4
                0x00000000100001cc                isr_irq16
                0x00000000100001cc                isr_irq29
                0x00000000100001cc                isr_irq26
                0x00000000100001cc                __default_isrs_end
                0x00000000100001cc                isr_irq3
                0x00000000100001cc                isr_irq12
                0x00000000100001cc                isr_irq9
                0x00000000100001d2                unhandled_user_irq_num_in_r0
 *(.binary_info_header)
 .binary_info_header
                0x00000000100001d4       0x14 CMakeFiles/WaveGuide.dir/home/leviathan/Documents/git/Pico_official/pico/pico-sdk/src/rp2_common/pico_standard_link/crt0.S.obj
                0x00000000100001e8                __binary_info_header_end = .
 *(.reset)
 .reset         0x00000000100001e8       0xa8 CMakeFiles/WaveGuide.dir/home/leviathan/Documents/git/Pico_official/pico/pico-sdk/src/rp2_common/pico_standard_link/crt0.S.obj
                0x00000000100001e8                _entry_point
                0x0000000010000266                __get_current_exception
 .reset         0x0000000010000290       0x30 CMakeFiles/WaveGuide.dir/home/leviathan/Documents/git/Pico_official/pico/pico-sdk/src/rp2_common/pico_standard_link/binary_info.c.obj
 *(.init)
 .init          0x00000000100002c0        0x4 /usr/lib/gcc/arm-none-eabi/9.2.1/thumb/v6-m/nofp/crti.o
                0x00000000100002c0                _init
 *(EXCLUDE_FILE(*libm.a: *libc.a:*lib_a-mem*.o *libgcc.a:) .text*)
 .text          0x00000000100002c4       0x98 /usr/lib/gcc/arm-none-eabi/9.2.1/thumb/v6-m/nofp/crtbegin.o
 .text._Z14alarm_callbacklPv
                0x000000001000035c        0x6 CMakeFiles/WaveGuide.dir/WaveGuide.cpp.obj
                0x000000001000035c                alarm_callback(long, void*)
 *fill*         0x0000000010000362        0x2 
 .text.main     0x0000000010000364      0x100 CMakeFiles/WaveGuide.dir/WaveGuide.cpp.obj
                0x0000000010000364                main
 .text.gpio_set_function
                0x0000000010000464       0x30 CMakeFiles/WaveGuide.dir/home/leviathan/Documents/git/Pico_official/pico/pico-sdk/src/rp2_common/hardware_gpio/gpio.c.obj
                0x0000000010000464                gpio_set_function
 .text.gpio_set_pulls
                0x0000000010000494       0x34 CMakeFiles/WaveGuide.dir/home/leviathan/Documents/git/Pico_official/pico/pico-sdk/src/rp2_common/hardware_gpio/gpio.c.obj
                0x0000000010000494                gpio_set_pulls
 .text.hw_claim_lock
                0x00000000100004c8       0x18 CMakeFiles/WaveGuide.dir/home/leviathan/Documents/git/Pico_official/pico/pico-sdk/src/rp2_common/hardware_claim/claim.c.obj
                0x00000000100004c8                hw_claim_lock
 .text.hw_claim_unlock
                0x00000000100004e0       0x14 CMakeFiles/WaveGuide.dir/home/leviathan/Documents/git/Pico_official/pico/pico-sdk/src/rp2_common/hardware_claim/claim.c.obj
                0x00000000100004e0                hw_claim_unlock
 .text.hw_claim_or_assert
                0x00000000100004f4       0x32 CMakeFiles/WaveGuide.dir/home/leviathan/Documents/git/Pico_official/pico/pico-sdk/src/rp2_common/hardware_claim/claim.c.obj
                0x00000000100004f4                hw_claim_or_assert
 *fill*         0x0000000010000526        0x2 
 .text.running_on_fpga
                0x0000000010000528       0x14 CMakeFiles/WaveGuide.dir/home/leviathan/Documents/git/Pico_official/pico/pico-sdk/src/rp2_common/pico_platform/platform.c.obj
                0x0000000010000528                running_on_fpga
 .text.spin_locks_reset
                0x000000001000053c       0x20 CMakeFiles/WaveGuide.dir/home/leviathan/Documents/git/Pico_official/pico/pico-sdk/src/rp2_common/hardware_sync/sync.c.obj
                0x000000001000053c                spin_locks_reset
 .text.next_striped_spin_lock_num
                0x000000001000055c       0x1c CMakeFiles/WaveGuide.dir/home/leviathan/Documents/git/Pico_official/pico/pico-sdk/src/rp2_common/hardware_sync/sync.c.obj
                0x000000001000055c                next_striped_spin_lock_num
 .text.set_raw_irq_handler_and_unlock
                0x0000000010000578       0x28 CMakeFiles/WaveGuide.dir/home/leviathan/Documents/git/Pico_official/pico/pico-sdk/src/rp2_common/hardware_irq/irq.c.obj
 .text.make_branch
                0x00000000100005a0       0x48 CMakeFiles/WaveGuide.dir/home/leviathan/Documents/git/Pico_official/pico/pico-sdk/src/rp2_common/hardware_irq/irq.c.obj
 .text.insert_branch_and_link
                0x00000000100005e8       0x40 CMakeFiles/WaveGuide.dir/home/leviathan/Documents/git/Pico_official/pico/pico-sdk/src/rp2_common/hardware_irq/irq.c.obj
 .text.irq_is_enabled
                0x0000000010000628       0x18 CMakeFiles/WaveGuide.dir/home/leviathan/Documents/git/Pico_official/pico/pico-sdk/src/rp2_common/hardware_irq/irq.c.obj
                0x0000000010000628                irq_is_enabled
 .text.irq_set_mask_enabled
                0x0000000010000640       0x20 CMakeFiles/WaveGuide.dir/home/leviathan/Documents/git/Pico_official/pico/pico-sdk/src/rp2_common/hardware_irq/irq.c.obj
                0x0000000010000640                irq_set_mask_enabled
 .text.irq_set_enabled
                0x0000000010000660        0xe CMakeFiles/WaveGuide.dir/home/leviathan/Documents/git/Pico_official/pico/pico-sdk/src/rp2_common/hardware_irq/irq.c.obj
                0x0000000010000660                irq_set_enabled
 *fill*         0x000000001000066e        0x2 
 .text.irq_get_vtable_handler
                0x0000000010000670       0x10 CMakeFiles/WaveGuide.dir/home/leviathan/Documents/git/Pico_official/pico/pico-sdk/src/rp2_common/hardware_irq/irq.c.obj
                0x0000000010000670                irq_get_vtable_handler
 .text.irq_set_exclusive_handler
                0x0000000010000680       0x54 CMakeFiles/WaveGuide.dir/home/leviathan/Documents/git/Pico_official/pico/pico-sdk/src/rp2_common/hardware_irq/irq.c.obj
                0x0000000010000680                irq_set_exclusive_handler
 .text.irq_remove_handler
                0x00000000100006d4      0x1a8 CMakeFiles/WaveGuide.dir/home/leviathan/Documents/git/Pico_official/pico/pico-sdk/src/rp2_common/hardware_irq/irq.c.obj
                0x00000000100006d4                irq_remove_handler
 .text.irq_add_tail_to_free_list
                0x000000001000087c       0xf0 CMakeFiles/WaveGuide.dir/home/leviathan/Documents/git/Pico_official/pico/pico-sdk/src/rp2_common/hardware_irq/irq.c.obj
                0x000000001000087c                irq_add_tail_to_free_list
 .text.irq_init_priorities
                0x000000001000096c       0x1c CMakeFiles/WaveGuide.dir/home/leviathan/Documents/git/Pico_official/pico/pico-sdk/src/rp2_common/hardware_irq/irq.c.obj
                0x000000001000096c                irq_init_priorities
 .text.lock_init
                0x0000000010000988       0x10 CMakeFiles/WaveGuide.dir/home/leviathan/Documents/git/Pico_official/pico/pico-sdk/src/common/pico_sync/lock_core.c.obj
                0x0000000010000988                lock_init
 .text.alarm_pool_post_alloc_init
                0x0000000010000998       0x40 CMakeFiles/WaveGuide.dir/home/leviathan/Documents/git/Pico_official/pico/pico-sdk/src/common/pico_time/time.c.obj
 .text.timer_pool_entry_comparator
                0x00000000100009d8       0x7c CMakeFiles/WaveGuide.dir/home/leviathan/Documents/git/Pico_official/pico/pico-sdk/src/common/pico_time/time.c.obj
                0x00000000100009d8                timer_pool_entry_comparator
 .text.ph_add_child_node
                0x0000000010000a54       0xa4 CMakeFiles/WaveGuide.dir/home/leviathan/Documents/git/Pico_official/pico/pico-sdk/src/common/pico_time/time.c.obj
 .text.ph_merge_nodes
                0x0000000010000af8       0x3e CMakeFiles/WaveGuide.dir/home/leviathan/Documents/git/Pico_official/pico/pico-sdk/src/common/pico_time/time.c.obj
 *fill*         0x0000000010000b36        0x2 
 .text.add_alarm_under_lock
                0x0000000010000b38      0x174 CMakeFiles/WaveGuide.dir/home/leviathan/Documents/git/Pico_official/pico/pico-sdk/src/common/pico_time/time.c.obj
 .text.alarm_pool_alarm_callback
                0x0000000010000cac      0x32c CMakeFiles/WaveGuide.dir/home/leviathan/Documents/git/Pico_official/pico/pico-sdk/src/common/pico_time/time.c.obj
 .text.alarm_pool_init_default
                0x0000000010000fd8       0x38 CMakeFiles/WaveGuide.dir/home/leviathan/Documents/git/Pico_official/pico/pico-sdk/src/common/pico_time/time.c.obj
                0x0000000010000fd8                alarm_pool_init_default
 .text.alarm_pool_get_default
                0x0000000010001010       0x2c CMakeFiles/WaveGuide.dir/home/leviathan/Documents/git/Pico_official/pico/pico-sdk/src/common/pico_time/time.c.obj
                0x0000000010001010                alarm_pool_get_default
 .text.alarm_pool_add_alarm_at
                0x000000001000103c      0x170 CMakeFiles/WaveGuide.dir/home/leviathan/Documents/git/Pico_official/pico/pico-sdk/src/common/pico_time/time.c.obj
                0x000000001000103c                alarm_pool_add_alarm_at
 .text.hardware_alarm_irq_handler
                0x00000000100011ac       0x8c CMakeFiles/WaveGuide.dir/home/leviathan/Documents/git/Pico_official/pico/pico-sdk/src/rp2_common/hardware_timer/timer.c.obj
 .text.hardware_alarm_claim
                0x0000000010001238       0x18 CMakeFiles/WaveGuide.dir/home/leviathan/Documents/git/Pico_official/pico/pico-sdk/src/rp2_common/hardware_timer/timer.c.obj
                0x0000000010001238                hardware_alarm_claim
 .text.time_us_64
                0x0000000010001250       0x18 CMakeFiles/WaveGuide.dir/home/leviathan/Documents/git/Pico_official/pico/pico-sdk/src/rp2_common/hardware_timer/timer.c.obj
                0x0000000010001250                time_us_64
 .text.hardware_alarm_set_callback
                0x0000000010001268       0x90 CMakeFiles/WaveGuide.dir/home/leviathan/Documents/git/Pico_official/pico/pico-sdk/src/rp2_common/hardware_timer/timer.c.obj
                0x0000000010001268                hardware_alarm_set_callback
 .text.hardware_alarm_set_target
                0x00000000100012f8       0xe8 CMakeFiles/WaveGuide.dir/home/leviathan/Documents/git/Pico_official/pico/pico-sdk/src/rp2_common/hardware_timer/timer.c.obj
                0x00000000100012f8                hardware_alarm_set_target
 .text.hardware_alarm_cancel
                0x00000000100013e0       0x40 CMakeFiles/WaveGuide.dir/home/leviathan/Documents/git/Pico_official/pico/pico-sdk/src/rp2_common/hardware_timer/timer.c.obj
                0x00000000100013e0                hardware_alarm_cancel
 .text.ph_add_child_node
                0x0000000010001420       0xa4 CMakeFiles/WaveGuide.dir/home/leviathan/Documents/git/Pico_official/pico/pico-sdk/src/common/pico_util/pheap.c.obj
 .text.ph_merge_nodes
                0x00000000100014c4       0x3e CMakeFiles/WaveGuide.dir/home/leviathan/Documents/git/Pico_official/pico/pico-sdk/src/common/pico_util/pheap.c.obj
 *fill*         0x0000000010001502        0x2 
 .text.ph_clear
                0x0000000010001504       0x70 CMakeFiles/WaveGuide.dir/home/leviathan/Documents/git/Pico_official/pico/pico-sdk/src/common/pico_util/pheap.c.obj
                0x0000000010001504                ph_clear
 .text.ph_post_alloc_init
                0x0000000010001574        0xe CMakeFiles/WaveGuide.dir/home/leviathan/Documents/git/Pico_official/pico/pico-sdk/src/common/pico_util/pheap.c.obj
                0x0000000010001574                ph_post_alloc_init
 *fill*         0x0000000010001582        0x2 
 .text.ph_merge_two_pass
                0x0000000010001584       0xa8 CMakeFiles/WaveGuide.dir/home/leviathan/Documents/git/Pico_official/pico/pico-sdk/src/common/pico_util/pheap.c.obj
                0x0000000010001584                ph_merge_two_pass
 .text.ph_remove_any_head
                0x000000001000162c      0x108 CMakeFiles/WaveGuide.dir/home/leviathan/Documents/git/Pico_official/pico/pico-sdk/src/common/pico_util/pheap.c.obj
 .text.ph_remove_head
                0x0000000010001734       0x14 CMakeFiles/WaveGuide.dir/home/leviathan/Documents/git/Pico_official/pico/pico-sdk/src/common/pico_util/pheap.c.obj
                0x0000000010001734                ph_remove_head
 .text.ph_remove_and_free_node
                0x0000000010001748       0xf8 CMakeFiles/WaveGuide.dir/home/leviathan/Documents/git/Pico_official/pico/pico-sdk/src/common/pico_util/pheap.c.obj
                0x0000000010001748                ph_remove_and_free_node
 .text.mutex_init
                0x0000000010001840       0x1a CMakeFiles/WaveGuide.dir/home/leviathan/Documents/git/Pico_official/pico/pico-sdk/src/common/pico_sync/mutex.c.obj
                0x0000000010001840                mutex_init
 .text.recursive_mutex_init
                0x000000001000185a       0x1e CMakeFiles/WaveGuide.dir/home/leviathan/Documents/git/Pico_official/pico/pico-sdk/src/common/pico_sync/mutex.c.obj
                0x000000001000185a                recursive_mutex_init
 .text.uart_set_baudrate
                0x0000000010001878       0x5c CMakeFiles/WaveGuide.dir/home/leviathan/Documents/git/Pico_official/pico/pico-sdk/src/rp2_common/hardware_uart/uart.c.obj
                0x0000000010001878                uart_set_baudrate
 .text.uart_set_translate_crlf
                0x00000000100018d4       0x28 CMakeFiles/WaveGuide.dir/home/leviathan/Documents/git/Pico_official/pico/pico-sdk/src/rp2_common/hardware_uart/uart.c.obj
                0x00000000100018d4                uart_set_translate_crlf
 .text.uart_init
                0x00000000100018fc       0x80 CMakeFiles/WaveGuide.dir/home/leviathan/Documents/git/Pico_official/pico/pico-sdk/src/rp2_common/hardware_uart/uart.c.obj
                0x00000000100018fc                uart_init
 .text._exit    0x000000001000197c        0x4 CMakeFiles/WaveGuide.dir/home/leviathan/Documents/git/Pico_official/pico/pico-sdk/src/rp2_common/pico_runtime/runtime.c.obj
                0x000000001000197c                _exit
 .text._sbrk    0x0000000010001980       0x38 CMakeFiles/WaveGuide.dir/home/leviathan/Documents/git/Pico_official/pico/pico-sdk/src/rp2_common/pico_runtime/runtime.c.obj
                0x0000000010001980                _sbrk
 .text.exit     0x00000000100019b8        0x6 CMakeFiles/WaveGuide.dir/home/leviathan/Documents/git/Pico_official/pico/pico-sdk/src/rp2_common/pico_runtime/runtime.c.obj
                0x00000000100019b8                exit
 *fill*         0x00000000100019be        0x2 
 .text.__assert_func
                0x00000000100019c0       0x3c CMakeFiles/WaveGuide.dir/home/leviathan/Documents/git/Pico_official/pico/pico-sdk/src/rp2_common/pico_runtime/runtime.c.obj
                0x00000000100019c0                __assert_func
 .text.runtime_init
                0x00000000100019fc       0xf8 CMakeFiles/WaveGuide.dir/home/leviathan/Documents/git/Pico_official/pico/pico-sdk/src/rp2_common/pico_runtime/runtime.c.obj
                0x00000000100019fc                runtime_init
 .text.panic    0x0000000010001af4       0x30 CMakeFiles/WaveGuide.dir/home/leviathan/Documents/git/Pico_official/pico/pico-sdk/src/rp2_common/pico_runtime/runtime.c.obj
                0x0000000010001af4                panic
 .text.clock_configure
                0x0000000010001b24      0x104 CMakeFiles/WaveGuide.dir/home/leviathan/Documents/git/Pico_official/pico/pico-sdk/src/rp2_common/hardware_clocks/clocks.c.obj
                0x0000000010001b24                clock_configure
 .text.clocks_init
                0x0000000010001c28      0x100 CMakeFiles/WaveGuide.dir/home/leviathan/Documents/git/Pico_official/pico/pico-sdk/src/rp2_common/hardware_clocks/clocks.c.obj
                0x0000000010001c28                clocks_init
 .text.clock_get_hz
                0x0000000010001d28        0xc CMakeFiles/WaveGuide.dir/home/leviathan/Documents/git/Pico_official/pico/pico-sdk/src/rp2_common/hardware_clocks/clocks.c.obj
                0x0000000010001d28                clock_get_hz
 .text.pll_init
                0x0000000010001d34      0x140 CMakeFiles/WaveGuide.dir/home/leviathan/Documents/git/Pico_official/pico/pico-sdk/src/rp2_common/hardware_pll/pll.c.obj
                0x0000000010001d34                pll_init
 .text.watchdog_start_tick
                0x0000000010001e74       0x10 CMakeFiles/WaveGuide.dir/home/leviathan/Documents/git/Pico_official/pico/pico-sdk/src/rp2_common/hardware_watchdog/watchdog.c.obj
                0x0000000010001e74                watchdog_start_tick
 .text.xosc_init
                0x0000000010001e84       0x28 CMakeFiles/WaveGuide.dir/home/leviathan/Documents/git/Pico_official/pico/pico-sdk/src/rp2_common/hardware_xosc/xosc.c.obj
                0x0000000010001e84                xosc_init
 .text._out_null
                0x0000000010001eac        0x2 CMakeFiles/WaveGuide.dir/home/leviathan/Documents/git/Pico_official/pico/pico-sdk/src/rp2_common/pico_printf/printf.c.obj
 .text._out_fct
                0x0000000010001eae        0xe CMakeFiles/WaveGuide.dir/home/leviathan/Documents/git/Pico_official/pico/pico-sdk/src/rp2_common/pico_printf/printf.c.obj
 .text._atoi    0x0000000010001ebc       0x24 CMakeFiles/WaveGuide.dir/home/leviathan/Documents/git/Pico_official/pico/pico-sdk/src/rp2_common/pico_printf/printf.c.obj
 .text._out_rev
                0x0000000010001ee0       0xae CMakeFiles/WaveGuide.dir/home/leviathan/Documents/git/Pico_official/pico/pico-sdk/src/rp2_common/pico_printf/printf.c.obj
 .text._ntoa_format
                0x0000000010001f8e      0x110 CMakeFiles/WaveGuide.dir/home/leviathan/Documents/git/Pico_official/pico/pico-sdk/src/rp2_common/pico_printf/printf.c.obj
 .text._ntoa_long
                0x000000001000209e       0xbc CMakeFiles/WaveGuide.dir/home/leviathan/Documents/git/Pico_official/pico/pico-sdk/src/rp2_common/pico_printf/printf.c.obj
 .text._ntoa_long_long
                0x000000001000215a       0xe2 CMakeFiles/WaveGuide.dir/home/leviathan/Documents/git/Pico_official/pico/pico-sdk/src/rp2_common/pico_printf/printf.c.obj
 .text._etoa    0x000000001000223c      0x40c CMakeFiles/WaveGuide.dir/home/leviathan/Documents/git/Pico_official/pico/pico-sdk/src/rp2_common/pico_printf/printf.c.obj
 .text._ftoa    0x0000000010002648      0x354 CMakeFiles/WaveGuide.dir/home/leviathan/Documents/git/Pico_official/pico/pico-sdk/src/rp2_common/pico_printf/printf.c.obj
 .text._vsnprintf
                0x000000001000299c      0x628 CMakeFiles/WaveGuide.dir/home/leviathan/Documents/git/Pico_official/pico/pico-sdk/src/rp2_common/pico_printf/printf.c.obj
 .text.vfctprintf
                0x0000000010002fc4       0x20 CMakeFiles/WaveGuide.dir/home/leviathan/Documents/git/Pico_official/pico/pico-sdk/src/rp2_common/pico_printf/printf.c.obj
                0x0000000010002fc4                vfctprintf
 .text          0x0000000010002fe4       0x10 CMakeFiles/WaveGuide.dir/home/leviathan/Documents/git/Pico_official/pico/pico-sdk/src/rp2_common/pico_bit_ops/bit_ops_aeabi.S.obj
 .text.rom_func_lookup
                0x0000000010002ff4       0x10 CMakeFiles/WaveGuide.dir/home/leviathan/Documents/git/Pico_official/pico/pico-sdk/src/rp2_common/pico_bootrom/bootrom.c.obj
                0x0000000010002ff4                rom_func_lookup
 .text.rom_data_lookup
                0x0000000010003004       0x10 CMakeFiles/WaveGuide.dir/home/leviathan/Documents/git/Pico_official/pico/pico-sdk/src/rp2_common/pico_bootrom/bootrom.c.obj
                0x0000000010003004                rom_data_lookup
 .text.rom_funcs_lookup
                0x0000000010003014       0x36 CMakeFiles/WaveGuide.dir/home/leviathan/Documents/git/Pico_official/pico/pico-sdk/src/rp2_common/pico_bootrom/bootrom.c.obj
                0x0000000010003014                rom_funcs_lookup
 *fill*         0x000000001000304a        0x2 
 .text.__wrap___aeabi_idiv
                0x000000001000304c       0x50 CMakeFiles/WaveGuide.dir/home/leviathan/Documents/git/Pico_official/pico/pico-sdk/src/rp2_common/pico_divider/divider.S.obj
                0x000000001000304c                __wrap___aeabi_idivmod
                0x000000001000304c                divmod_s32s32
                0x000000001000304c                div_s32s32
                0x000000001000304c                __wrap___aeabi_idiv
                0x0000000010003054                divmod_s32s32_unsafe
                0x0000000010003080                divmod_s32s32_savestate
 .text.__wrap___aeabi_uidiv
                0x000000001000309c       0x4c CMakeFiles/WaveGuide.dir/home/leviathan/Documents/git/Pico_official/pico/pico-sdk/src/rp2_common/pico_divider/divider.S.obj
                0x000000001000309c                __wrap___aeabi_uidiv
                0x000000001000309c                __wrap___aeabi_uidivmod
                0x000000001000309c                div_u32u32
                0x000000001000309c                divmod_u32u32
                0x00000000100030a4                divmod_u32u32_unsafe
                0x00000000100030cc                divmod_u32u32_savestate
 .text.__wrap___aeabi_ldiv
                0x00000000100030e8      0x434 CMakeFiles/WaveGuide.dir/home/leviathan/Documents/git/Pico_official/pico/pico-sdk/src/rp2_common/pico_divider/divider.S.obj
                0x00000000100030e8                div_s64s64
                0x00000000100030e8                divmod_s64s64
                0x00000000100030e8                __wrap___aeabi_ldivmod
                0x0000000010003120                div_u64u64
                0x0000000010003120                divmod_u64u64
                0x0000000010003120                __wrap___aeabi_uldivmod
                0x0000000010003130                divmod_u64u64_savestate
                0x0000000010003158                divmod_s64s64_unsafe
                0x00000000100031e0                divmod_u64u64_unsafe
 .text.__wrap___aeabi_darithmetic
                0x000000001000351c       0x80 CMakeFiles/WaveGuide.dir/home/leviathan/Documents/git/Pico_official/pico/pico-sdk/src/rp2_common/pico_double/double_aeabi.S.obj
                0x000000001000351c                __wrap___aeabi_drsub
                0x0000000010003522                __wrap___aeabi_dsub
                0x0000000010003534                __wrap___aeabi_dadd
                0x0000000010003546                __wrap___aeabi_ddiv
                0x0000000010003582                __wrap___aeabi_dmul
 .text.__wrap___aeabi_cdcmple
                0x000000001000359c       0x6c CMakeFiles/WaveGuide.dir/home/leviathan/Documents/git/Pico_official/pico/pico-sdk/src/rp2_common/pico_double/double_aeabi.S.obj
                0x000000001000359c                __wrap___aeabi_cdrcmple
                0x00000000100035ac                __wrap___aeabi_cdcmple
                0x00000000100035ac                __wrap___aeabi_cdcmpeq
 .text.__wrap___aeabi_dcmplt
                0x0000000010003608        0xc CMakeFiles/WaveGuide.dir/home/leviathan/Documents/git/Pico_official/pico/pico-sdk/src/rp2_common/pico_double/double_aeabi.S.obj
                0x0000000010003608                __wrap___aeabi_dcmplt
 .text.__wrap___aeabi_dcmple
                0x0000000010003614       0x10 CMakeFiles/WaveGuide.dir/home/leviathan/Documents/git/Pico_official/pico/pico-sdk/src/rp2_common/pico_double/double_aeabi.S.obj
                0x0000000010003614                __wrap___aeabi_dcmple
 .text.__wrap___aeabi_dcmpge
                0x0000000010003624       0x10 CMakeFiles/WaveGuide.dir/home/leviathan/Documents/git/Pico_official/pico/pico-sdk/src/rp2_common/pico_double/double_aeabi.S.obj
                0x0000000010003624                __wrap___aeabi_dcmpge
 .text.__wrap___aeabi_dcmpgt
                0x0000000010003634        0xa CMakeFiles/WaveGuide.dir/home/leviathan/Documents/git/Pico_official/pico/pico-sdk/src/rp2_common/pico_double/double_aeabi.S.obj
                0x0000000010003634                __wrap___aeabi_dcmpgt
 .text.__wrap___aeabi_dcmpun
                0x000000001000363e       0x1c CMakeFiles/WaveGuide.dir/home/leviathan/Documents/git/Pico_official/pico/pico-sdk/src/rp2_common/pico_double/double_aeabi.S.obj
                0x000000001000363e                __wrap___aeabi_dcmpun
 *fill*         0x000000001000365a        0x2 
 .text.__wrap___aeabi_i2d
                0x000000001000365c       0x38 CMakeFiles/WaveGuide.dir/home/leviathan/Documents/git/Pico_official/pico/pico-sdk/src/rp2_common/pico_double/double_aeabi.S.obj
                0x000000001000365c                __wrap___aeabi_ui2d
                0x0000000010003664                __wrap___aeabi_i2d
 .text.__wrap___aeabi_d2iz
                0x0000000010003694       0x48 CMakeFiles/WaveGuide.dir/home/leviathan/Documents/git/Pico_official/pico/pico-sdk/src/rp2_common/pico_double/double_aeabi.S.obj
                0x0000000010003694                __wrap___aeabi_d2iz
                0x0000000010003694                double2int_z
 .text.__wrap___aeabi_d2uiz
                0x00000000100036dc       0x18 CMakeFiles/WaveGuide.dir/home/leviathan/Documents/git/Pico_official/pico/pico-sdk/src/rp2_common/pico_double/double_aeabi.S.obj
                0x00000000100036dc                double2uint
                0x00000000100036dc                __wrap___aeabi_d2uiz
 .text.__aeabi_double_init
                0x00000000100036f4       0xc8 CMakeFiles/WaveGuide.dir/home/leviathan/Documents/git/Pico_official/pico/pico-sdk/src/rp2_common/pico_double/double_init_rom.c.obj
                0x00000000100036f4                __aeabi_double_init
 .text.double_table_shim_on_use_helper
                0x00000000100037bc       0x34 CMakeFiles/WaveGuide.dir/home/leviathan/Documents/git/Pico_official/pico/pico-sdk/src/rp2_common/pico_double/double_v1_rom_shim.S.obj
                0x00000000100037bc                double_table_shim_on_use_helper
 .text.__wrap___aeabi_dsub
                0x00000000100037f0       0x10 CMakeFiles/WaveGuide.dir/home/leviathan/Documents/git/Pico_official/pico/pico-sdk/src/rp2_common/pico_double/double_v1_rom_shim.S.obj
                0x00000000100037f0                drsub_shim
                0x00000000100037f6                dsub_shim
 .text.dadd_shim
                0x0000000010003800      0x15c CMakeFiles/WaveGuide.dir/home/leviathan/Documents/git/Pico_official/pico/pico-sdk/src/rp2_common/pico_double/double_v1_rom_shim.S.obj
                0x0000000010003800                dadd_shim
 .text.dmul_shim
                0x000000001000395c      0x15c CMakeFiles/WaveGuide.dir/home/leviathan/Documents/git/Pico_official/pico/pico-sdk/src/rp2_common/pico_double/double_v1_rom_shim.S.obj
                0x000000001000395c                dmul_shim
 .text.ddiv_shim
                0x0000000010003ab8      0x1b0 CMakeFiles/WaveGuide.dir/home/leviathan/Documents/git/Pico_official/pico/pico-sdk/src/rp2_common/pico_double/double_v1_rom_shim.S.obj
                0x0000000010003ab8                ddiv_shim
 .text.double2uint_shim
                0x0000000010003c68        0xe CMakeFiles/WaveGuide.dir/home/leviathan/Documents/git/Pico_official/pico/pico-sdk/src/rp2_common/pico_double/double_v1_rom_shim.S.obj
                0x0000000010003c68                double2uint_shim
                0x0000000010003c6a                double2ufix_shim
 *fill*         0x0000000010003c76        0x2 
 .text.double2uint64_shim
                0x0000000010003c78       0x70 CMakeFiles/WaveGuide.dir/home/leviathan/Documents/git/Pico_official/pico/pico-sdk/src/rp2_common/pico_double/double_v1_rom_shim.S.obj
                0x0000000010003c78                double2uint64_shim
                0x0000000010003c7a                double2ufix64_shim
                0x0000000010003c9a                d2fix_a
 .text.dunpacks
                0x0000000010003ce8       0x3c CMakeFiles/WaveGuide.dir/home/leviathan/Documents/git/Pico_official/pico/pico-sdk/src/rp2_common/pico_double/double_v1_rom_shim.S.obj
                0x0000000010003ce8                dunpacks
 .text.__aeabi_lmul
                0x0000000010003d24       0x32 CMakeFiles/WaveGuide.dir/home/leviathan/Documents/git/Pico_official/pico/pico-sdk/src/rp2_common/pico_int64_ops/pico_int64_ops_aeabi.S.obj
                0x0000000010003d24                __wrap___aeabi_lmul
 *fill*         0x0000000010003d56        0x2 
 .text.__aeabi_float_init
                0x0000000010003d58       0xfc CMakeFiles/WaveGuide.dir/home/leviathan/Documents/git/Pico_official/pico/pico-sdk/src/rp2_common/pico_float/float_init_rom.c.obj
                0x0000000010003d58                __aeabi_float_init
 .text.float_table_shim_on_use_helper
                0x0000000010003e54       0x34 CMakeFiles/WaveGuide.dir/home/leviathan/Documents/git/Pico_official/pico/pico-sdk/src/rp2_common/pico_float/float_v1_rom_shim.S.obj
                0x0000000010003e54                float_table_shim_on_use_helper
 .text          0x0000000010003e88       0x10 CMakeFiles/WaveGuide.dir/home/leviathan/Documents/git/Pico_official/pico/pico-sdk/src/rp2_common/pico_mem_ops/mem_ops_aeabi.S.obj
                0x0000000010003e88                __aeabi_mem_init
 .text.memset   0x0000000010003e98        0xc CMakeFiles/WaveGuide.dir/home/leviathan/Documents/git/Pico_official/pico/pico-sdk/src/rp2_common/pico_mem_ops/mem_ops_aeabi.S.obj
                0x0000000010003e98                __wrap_memset
 .text.memcpy   0x0000000010003ea4        0xc CMakeFiles/WaveGuide.dir/home/leviathan/Documents/git/Pico_official/pico/pico-sdk/src/rp2_common/pico_mem_ops/mem_ops_aeabi.S.obj
                0x0000000010003ea4                __wrap___aeabi_memcpy
                0x0000000010003ea4                __wrap_memcpy
 .text.stdio_out_chars_no_crlf
                0x0000000010003eb0        0xe CMakeFiles/WaveGuide.dir/home/leviathan/Documents/git/Pico_official/pico/pico-sdk/src/rp2_common/pico_stdio/stdio.c.obj
 *fill*         0x0000000010003ebe        0x2 
 .text.stdio_out_chars_crlf
                0x0000000010003ec0       0x80 CMakeFiles/WaveGuide.dir/home/leviathan/Documents/git/Pico_official/pico/pico-sdk/src/rp2_common/pico_stdio/stdio.c.obj
 .text.stdio_stack_buffer_flush
                0x0000000010003f40       0x44 CMakeFiles/WaveGuide.dir/home/leviathan/Documents/git/Pico_official/pico/pico-sdk/src/rp2_common/pico_stdio/stdio.c.obj
 .text.stdio_buffered_printer
                0x0000000010003f84       0x20 CMakeFiles/WaveGuide.dir/home/leviathan/Documents/git/Pico_official/pico/pico-sdk/src/rp2_common/pico_stdio/stdio.c.obj
 .text.stdout_serialize_begin
                0x0000000010003fa4       0x30 CMakeFiles/WaveGuide.dir/home/leviathan/Documents/git/Pico_official/pico/pico-sdk/src/rp2_common/pico_stdio/stdio.c.obj
                0x0000000010003fa4                stdout_serialize_begin
 .text.stdout_serialize_end
                0x0000000010003fd4       0x10 CMakeFiles/WaveGuide.dir/home/leviathan/Documents/git/Pico_official/pico/pico-sdk/src/rp2_common/pico_stdio/stdio.c.obj
                0x0000000010003fd4                stdout_serialize_end
 .text.stdio_put_string
                0x0000000010003fe4       0x98 CMakeFiles/WaveGuide.dir/home/leviathan/Documents/git/Pico_official/pico/pico-sdk/src/rp2_common/pico_stdio/stdio.c.obj
 .text.stdio_set_driver_enabled
                0x000000001000407c       0x2c CMakeFiles/WaveGuide.dir/home/leviathan/Documents/git/Pico_official/pico/pico-sdk/src/rp2_common/pico_stdio/stdio.c.obj
                0x000000001000407c                stdio_set_driver_enabled
 .text.stdio_flush
                0x00000000100040a8       0x20 CMakeFiles/WaveGuide.dir/home/leviathan/Documents/git/Pico_official/pico/pico-sdk/src/rp2_common/pico_stdio/stdio.c.obj
                0x00000000100040a8                stdio_flush
 .text.__wrap_puts
                0x00000000100040c8       0x1e CMakeFiles/WaveGuide.dir/home/leviathan/Documents/git/Pico_official/pico/pico-sdk/src/rp2_common/pico_stdio/stdio.c.obj
                0x00000000100040c8                __wrap_puts
 *fill*         0x00000000100040e6        0x2 
 .text.__wrap_vprintf
                0x00000000100040e8       0x44 CMakeFiles/WaveGuide.dir/home/leviathan/Documents/git/Pico_official/pico/pico-sdk/src/rp2_common/pico_stdio/stdio.c.obj
                0x00000000100040e8                __wrap_vprintf
 .text.__wrap_printf
                0x000000001000412c       0x18 CMakeFiles/WaveGuide.dir/home/leviathan/Documents/git/Pico_official/pico/pico-sdk/src/rp2_common/pico_stdio/stdio.c.obj
                0x000000001000412c                __wrap_printf
 .text.stdio_init_all
                0x0000000010004144        0x8 CMakeFiles/WaveGuide.dir/home/leviathan/Documents/git/Pico_official/pico/pico-sdk/src/rp2_common/pico_stdio/stdio.c.obj
                0x0000000010004144                stdio_init_all
 .text.stdio_uart_out_chars
                0x000000001000414c       0x74 CMakeFiles/WaveGuide.dir/home/leviathan/Documents/git/Pico_official/pico/pico-sdk/src/rp2_common/pico_stdio_uart/stdio_uart.c.obj
 .text.stdio_uart_in_chars
                0x00000000100041c0       0x54 CMakeFiles/WaveGuide.dir/home/leviathan/Documents/git/Pico_official/pico/pico-sdk/src/rp2_common/pico_stdio_uart/stdio_uart.c.obj
                0x00000000100041c0                stdio_uart_in_chars
 .text.stdio_uart_init_full
                0x0000000010004214       0x3c CMakeFiles/WaveGuide.dir/home/leviathan/Documents/git/Pico_official/pico/pico-sdk/src/rp2_common/pico_stdio_uart/stdio_uart.c.obj
                0x0000000010004214                stdio_uart_init_full
 .text.stdio_uart_init
                0x0000000010004250       0x28 CMakeFiles/WaveGuide.dir/home/leviathan/Documents/git/Pico_official/pico/pico-sdk/src/rp2_common/pico_stdio_uart/stdio_uart.c.obj
                0x0000000010004250                stdio_uart_init
 .text.spi_set_baudrate
                0x0000000010004278       0x94 CMakeFiles/WaveGuide.dir/home/leviathan/Documents/git/Pico_official/pico/pico-sdk/src/rp2_common/hardware_spi/spi.c.obj
                0x0000000010004278                spi_set_baudrate
 .text.spi_init
                0x000000001000430c       0x68 CMakeFiles/WaveGuide.dir/home/leviathan/Documents/git/Pico_official/pico/pico-sdk/src/rp2_common/hardware_spi/spi.c.obj
                0x000000001000430c                spi_init
 .text.i2c_set_baudrate
                0x0000000010004374       0xf0 CMakeFiles/WaveGuide.dir/home/leviathan/Documents/git/Pico_official/pico/pico-sdk/src/rp2_common/hardware_i2c/i2c.c.obj
                0x0000000010004374                i2c_set_baudrate
 .text.i2c_init
                0x0000000010004464       0x58 CMakeFiles/WaveGuide.dir/home/leviathan/Documents/git/Pico_official/pico/pico-sdk/src/rp2_common/hardware_i2c/i2c.c.obj
                0x0000000010004464                i2c_init
 .text          0x00000000100044bc       0x10 /usr/lib/gcc/arm-none-eabi/9.2.1/../../../arm-none-eabi/lib/thumb/v6-m/nofp/libg.a(lib_a-abort.o)
                0x00000000100044bc                abort
 .text          0x00000000100044cc      0x58c /usr/lib/gcc/arm-none-eabi/9.2.1/../../../arm-none-eabi/lib/thumb/v6-m/nofp/libg.a(lib_a-mallocr.o)
                0x00000000100044cc                _malloc_r
 .text          0x0000000010004a58        0x8 /usr/lib/gcc/arm-none-eabi/9.2.1/../../../arm-none-eabi/lib/thumb/v6-m/nofp/libg.a(lib_a-mlock.o)
                0x0000000010004a58                __malloc_lock
                0x0000000010004a5c                __malloc_unlock
 .text          0x0000000010004a60       0x24 /usr/lib/gcc/arm-none-eabi/9.2.1/../../../arm-none-eabi/lib/thumb/v6-m/nofp/libg.a(lib_a-sbrkr.o)
                0x0000000010004a60                _sbrk_r
 .text          0x0000000010004a84      0x190 /usr/lib/gcc/arm-none-eabi/9.2.1/../../../arm-none-eabi/lib/thumb/v6-m/nofp/libg.a(lib_a-signal.o)
                0x0000000010004ab0                _init_signal_r
                0x0000000010004acc                _signal_r
                0x0000000010004b08                _raise_r
                0x0000000010004b64                __sigtramp_r
                0x0000000010004bb4                raise
                0x0000000010004bc8                signal
                0x0000000010004be0                _init_signal
                0x0000000010004c00                __sigtramp
 .text          0x0000000010004c14       0x30 /usr/lib/gcc/arm-none-eabi/9.2.1/../../../arm-none-eabi/lib/thumb/v6-m/nofp/libg.a(lib_a-signalr.o)
                0x0000000010004c14                _kill_r
                0x0000000010004c3c                _getpid_r
 .text          0x0000000010004c44       0x68 /usr/lib/gcc/arm-none-eabi/9.2.1/../../../arm-none-eabi/lib/thumb/v6-m/nofp/libg.a(lib_a-strlen-stub.o)
                0x0000000010004c44                strlen
 .text          0x0000000010004cac      0x27c /usr/lib/gcc/arm-none-eabi/9.2.1/../../../arm-none-eabi/lib/thumb/v6-m/nofp/libg.a(lib_a-freer.o)
                0x0000000010004cac                _malloc_trim_r
                0x0000000010004d4c                _free_r
 .text          0x0000000010004f28       0x10 /usr/lib/gcc/arm-none-eabi/9.2.1/../../../arm-none-eabi/lib/thumb/v6-m/nofp/libnosys.a(getpid.o)
                0x0000000010004f28                _getpid
 .text          0x0000000010004f38       0x10 /usr/lib/gcc/arm-none-eabi/9.2.1/../../../arm-none-eabi/lib/thumb/v6-m/nofp/libnosys.a(kill.o)
                0x0000000010004f38                _kill
 *(.fini)
 .fini          0x0000000010004f48        0x4 /usr/lib/gcc/arm-none-eabi/9.2.1/thumb/v6-m/nofp/crti.o
                0x0000000010004f48                _fini
 *fill*         0x0000000010004f4c        0x4 
 .fini.__stub   0x0000000010004f50       0x50 linker stubs
 *crtbegin.o(.ctors)
 *crtbegin?.o(.ctors)
 *(EXCLUDE_FILE(*crtend.o *crtend?.o) .ctors)
 *(SORT_BY_NAME(.ctors.*))
 *(.ctors)
 *crtbegin.o(.dtors)
 *crtbegin?.o(.dtors)
 *(EXCLUDE_FILE(*crtend.o *crtend?.o) .dtors)
 *(SORT_BY_NAME(.dtors.*))
 *(.dtors)
 *(.eh_frame*)
 .eh_frame      0x0000000010004fa0        0x0 /usr/lib/gcc/arm-none-eabi/9.2.1/thumb/v6-m/nofp/crtbegin.o
                0x0000000010004fa0                . = ALIGN (0x4)

.glue_7         0x0000000010004fa0        0x0
 .glue_7        0x0000000010004fa0        0x0 linker stubs

.glue_7t        0x0000000010004fa0        0x0
 .glue_7t       0x0000000010004fa0        0x0 linker stubs

.vfp11_veneer   0x0000000010004fa0        0x0
 .vfp11_veneer  0x0000000010004fa0        0x0 linker stubs

.v4_bx          0x0000000010004fa0        0x0
 .v4_bx         0x0000000010004fa0        0x0 linker stubs

.iplt           0x0000000010004fa0        0x0
 .iplt          0x0000000010004fa0        0x0 /usr/lib/gcc/arm-none-eabi/9.2.1/thumb/v6-m/nofp/crtbegin.o

.rodata         0x0000000010004fa0     0x10cc
 *(EXCLUDE_FILE(*libm.a: *libc.a:*lib_a-mem*.o *libgcc.a:) .rodata*)
 .rodata.main.str1.4
                0x0000000010004fa0       0xc6 CMakeFiles/WaveGuide.dir/WaveGuide.cpp.obj
 *fill*         0x0000000010005066        0x2 
 .rodata.make_branch.str1.4
                0x0000000010005068       0x8c CMakeFiles/WaveGuide.dir/home/leviathan/Documents/git/Pico_official/pico/pico-sdk/src/rp2_common/hardware_irq/irq.c.obj
 .rodata.insert_branch_and_link.str1.4
                0x00000000100050f4       0x10 CMakeFiles/WaveGuide.dir/home/leviathan/Documents/git/Pico_official/pico/pico-sdk/src/rp2_common/hardware_irq/irq.c.obj
 .rodata.irq_set_exclusive_handler.str1.4
                0x0000000010005104       0x36 CMakeFiles/WaveGuide.dir/home/leviathan/Documents/git/Pico_official/pico/pico-sdk/src/rp2_common/hardware_irq/irq.c.obj
 *fill*         0x000000001000513a        0x2 
 .rodata.irq_add_shared_handler.str1.4
                0x000000001000513c       0xd9 CMakeFiles/WaveGuide.dir/home/leviathan/Documents/git/Pico_official/pico/pico-sdk/src/rp2_common/hardware_irq/irq.c.obj
 *fill*         0x0000000010005215        0x3 
 .rodata.irq_remove_handler.str1.4
                0x0000000010005218       0x2a CMakeFiles/WaveGuide.dir/home/leviathan/Documents/git/Pico_official/pico/pico-sdk/src/rp2_common/hardware_irq/irq.c.obj
 *fill*         0x0000000010005242        0x2 
 .rodata.irq_add_tail_to_free_list.str1.4
                0x0000000010005244       0x3a CMakeFiles/WaveGuide.dir/home/leviathan/Documents/git/Pico_official/pico/pico-sdk/src/rp2_common/hardware_irq/irq.c.obj
 *fill*         0x000000001000527e        0x2 
 .rodata.__func__.4777
                0x0000000010005280       0x1a CMakeFiles/WaveGuide.dir/home/leviathan/Documents/git/Pico_official/pico/pico-sdk/src/rp2_common/hardware_irq/irq.c.obj
 *fill*         0x000000001000529a        0x2 
 .rodata.__func__.4791
                0x000000001000529c        0xc CMakeFiles/WaveGuide.dir/home/leviathan/Documents/git/Pico_official/pico/pico-sdk/src/rp2_common/hardware_irq/irq.c.obj
 .rodata.__func__.4799
                0x00000000100052a8       0x17 CMakeFiles/WaveGuide.dir/home/leviathan/Documents/git/Pico_official/pico/pico-sdk/src/rp2_common/hardware_irq/irq.c.obj
 *fill*         0x00000000100052bf        0x1 
 .rodata.__func__.4803
                0x00000000100052c0        0xf CMakeFiles/WaveGuide.dir/home/leviathan/Documents/git/Pico_official/pico/pico-sdk/src/rp2_common/hardware_irq/irq.c.obj
 *fill*         0x00000000100052cf        0x1 
 .rodata.__func__.4842
                0x00000000100052d0       0x13 CMakeFiles/WaveGuide.dir/home/leviathan/Documents/git/Pico_official/pico/pico-sdk/src/rp2_common/hardware_irq/irq.c.obj
 *fill*         0x00000000100052e3        0x1 
 .rodata.__func__.4864
                0x00000000100052e4       0x1a CMakeFiles/WaveGuide.dir/home/leviathan/Documents/git/Pico_official/pico/pico-sdk/src/rp2_common/hardware_irq/irq.c.obj
 *fill*         0x00000000100052fe        0x2 
 .rodata.repeating_timer_callback.str1.4
                0x0000000010005300       0x6a CMakeFiles/WaveGuide.dir/home/leviathan/Documents/git/Pico_official/pico/pico-sdk/src/common/pico_time/time.c.obj
 *fill*         0x000000001000536a        0x2 
 .rodata.alarm_pool_dump_key.str1.4
                0x000000001000536c       0x33 CMakeFiles/WaveGuide.dir/home/leviathan/Documents/git/Pico_official/pico/pico-sdk/src/common/pico_time/time.c.obj
 *fill*         0x000000001000539f        0x1 
 .rodata.ph_add_child_node.str1.4
                0x00000000100053a0       0xb6 CMakeFiles/WaveGuide.dir/home/leviathan/Documents/git/Pico_official/pico/pico-sdk/src/common/pico_time/time.c.obj
 *fill*         0x0000000010005456        0x2 
 .rodata.add_alarm_under_lock.str1.4
                0x0000000010005458       0x28 CMakeFiles/WaveGuide.dir/home/leviathan/Documents/git/Pico_official/pico/pico-sdk/src/common/pico_time/time.c.obj
                                         0x2b (size before relaxing)
 .rodata.alarm_pool_alarm_callback.str1.4
                0x0000000010005480       0x82 CMakeFiles/WaveGuide.dir/home/leviathan/Documents/git/Pico_official/pico/pico-sdk/src/common/pico_time/time.c.obj
                                        0x102 (size before relaxing)
 *fill*         0x0000000010005502        0x2 
 .rodata.alarm_pool_get_default.str1.4
                0x0000000010005504       0x21 CMakeFiles/WaveGuide.dir/home/leviathan/Documents/git/Pico_official/pico/pico-sdk/src/common/pico_time/time.c.obj
 *fill*         0x0000000010005525        0x3 
 .rodata.__func__.5701
                0x0000000010005528       0x15 CMakeFiles/WaveGuide.dir/home/leviathan/Documents/git/Pico_official/pico/pico-sdk/src/common/pico_time/time.c.obj
 *fill*         0x000000001000553d        0x3 
 .rodata.__func__.6019
                0x0000000010005540        0xc CMakeFiles/WaveGuide.dir/home/leviathan/Documents/git/Pico_official/pico/pico-sdk/src/common/pico_time/time.c.obj
 .rodata.__func__.6026
                0x000000001000554c       0x12 CMakeFiles/WaveGuide.dir/home/leviathan/Documents/git/Pico_official/pico/pico-sdk/src/common/pico_time/time.c.obj
 *fill*         0x000000001000555e        0x2 
 .rodata.__func__.6042
                0x0000000010005560        0xf CMakeFiles/WaveGuide.dir/home/leviathan/Documents/git/Pico_official/pico/pico-sdk/src/common/pico_time/time.c.obj
 *fill*         0x000000001000556f        0x1 
 .rodata.__func__.6064
                0x0000000010005570        0xd CMakeFiles/WaveGuide.dir/home/leviathan/Documents/git/Pico_official/pico/pico-sdk/src/common/pico_time/time.c.obj
 *fill*         0x000000001000557d        0x3 
 .rodata.__func__.6287
                0x0000000010005580        0xa CMakeFiles/WaveGuide.dir/home/leviathan/Documents/git/Pico_official/pico/pico-sdk/src/common/pico_time/time.c.obj
 *fill*         0x000000001000558a        0x2 
 .rodata.__func__.6292
                0x000000001000558c       0x12 CMakeFiles/WaveGuide.dir/home/leviathan/Documents/git/Pico_official/pico/pico-sdk/src/common/pico_time/time.c.obj
 *fill*         0x000000001000559e        0x2 
 .rodata.__func__.6307
                0x00000000100055a0       0x17 CMakeFiles/WaveGuide.dir/home/leviathan/Documents/git/Pico_official/pico/pico-sdk/src/common/pico_time/time.c.obj
 *fill*         0x00000000100055b7        0x1 
 .rodata.__func__.6318
                0x00000000100055b8       0x15 CMakeFiles/WaveGuide.dir/home/leviathan/Documents/git/Pico_official/pico/pico-sdk/src/common/pico_time/time.c.obj
 *fill*         0x00000000100055cd        0x3 
 .rodata.__func__.6335
                0x00000000100055d0       0x1a CMakeFiles/WaveGuide.dir/home/leviathan/Documents/git/Pico_official/pico/pico-sdk/src/common/pico_time/time.c.obj
 *fill*         0x00000000100055ea        0x2 
 .rodata.hardware_alarm_claim.str1.4
                0x00000000100055ec       0x22 CMakeFiles/WaveGuide.dir/home/leviathan/Documents/git/Pico_official/pico/pico-sdk/src/rp2_common/hardware_timer/timer.c.obj
 *fill*         0x000000001000560e        0x2 
 .rodata.hardware_alarm_set_target.str1.4
                0x0000000010005610       0x84 CMakeFiles/WaveGuide.dir/home/leviathan/Documents/git/Pico_official/pico/pico-sdk/src/rp2_common/hardware_timer/timer.c.obj
 .rodata.__func__.4575
                0x0000000010005694       0x1a CMakeFiles/WaveGuide.dir/home/leviathan/Documents/git/Pico_official/pico/pico-sdk/src/rp2_common/hardware_timer/timer.c.obj
 .rodata.ph_add_child_node.str1.4
                0x00000000100056ae       0xb6 CMakeFiles/WaveGuide.dir/home/leviathan/Documents/git/Pico_official/pico/pico-sdk/src/common/pico_util/pheap.c.obj
 *fill*         0x00000000100056ae        0x2 
 .rodata.ph_remove_any_head.str1.4
                0x00000000100056b0       0xac CMakeFiles/WaveGuide.dir/home/leviathan/Documents/git/Pico_official/pico/pico-sdk/src/common/pico_util/pheap.c.obj
 .rodata.ph_remove_and_free_node.str1.4
                0x000000001000575c       0x1e CMakeFiles/WaveGuide.dir/home/leviathan/Documents/git/Pico_official/pico/pico-sdk/src/common/pico_util/pheap.c.obj
                                         0x26 (size before relaxing)
 *fill*         0x000000001000577a        0x2 
 .rodata.__func__.5717
                0x000000001000577c        0xc CMakeFiles/WaveGuide.dir/home/leviathan/Documents/git/Pico_official/pico/pico-sdk/src/common/pico_util/pheap.c.obj
 .rodata.__func__.5724
                0x0000000010005788       0x12 CMakeFiles/WaveGuide.dir/home/leviathan/Documents/git/Pico_official/pico/pico-sdk/src/common/pico_util/pheap.c.obj
 *fill*         0x000000001000579a        0x2 
 .rodata.__func__.5810
                0x000000001000579c       0x13 CMakeFiles/WaveGuide.dir/home/leviathan/Documents/git/Pico_official/pico/pico-sdk/src/common/pico_util/pheap.c.obj
 *fill*         0x00000000100057af        0x1 
 .rodata.__func__.5828
                0x00000000100057b0       0x18 CMakeFiles/WaveGuide.dir/home/leviathan/Documents/git/Pico_official/pico/pico-sdk/src/common/pico_util/pheap.c.obj
 .rodata.str1.4
                0x00000000100057c8       0xa9 CMakeFiles/WaveGuide.dir/home/leviathan/Documents/git/Pico_official/pico/pico-sdk/src/common/pico_sync/mutex.c.obj
                                        0x129 (size before relaxing)
 *fill*         0x0000000010005871        0x3 
 .rodata.__func__.4709
                0x0000000010005874        0xb CMakeFiles/WaveGuide.dir/home/leviathan/Documents/git/Pico_official/pico/pico-sdk/src/common/pico_sync/mutex.c.obj
 *fill*         0x000000001000587f        0x1 
 .rodata.__assert_func.str1.4
                0x0000000010005880       0x3f CMakeFiles/WaveGuide.dir/home/leviathan/Documents/git/Pico_official/pico/pico-sdk/src/rp2_common/pico_runtime/runtime.c.obj
                                         0x43 (size before relaxing)
 *fill*         0x00000000100058bf        0x1 
 .rodata.runtime_init.str1.4
                0x00000000100058c0       0x80 CMakeFiles/WaveGuide.dir/home/leviathan/Documents/git/Pico_official/pico/pico-sdk/src/rp2_common/pico_runtime/runtime.c.obj
 .rodata.panic.str1.4
                0x0000000010005940       0x12 CMakeFiles/WaveGuide.dir/home/leviathan/Documents/git/Pico_official/pico/pico-sdk/src/rp2_common/pico_runtime/runtime.c.obj
 *fill*         0x0000000010005952        0x2 
 .rodata.__func__.5835
                0x0000000010005954        0xd CMakeFiles/WaveGuide.dir/home/leviathan/Documents/git/Pico_official/pico/pico-sdk/src/rp2_common/pico_runtime/runtime.c.obj
 *fill*         0x0000000010005961        0x3 
 .rodata.clock_configure.str1.4
                0x0000000010005964       0x76 CMakeFiles/WaveGuide.dir/home/leviathan/Documents/git/Pico_official/pico/pico-sdk/src/rp2_common/hardware_clocks/clocks.c.obj
 *fill*         0x00000000100059da        0x2 
 .rodata.__func__.4759
                0x00000000100059dc       0x10 CMakeFiles/WaveGuide.dir/home/leviathan/Documents/git/Pico_official/pico/pico-sdk/src/rp2_common/hardware_clocks/clocks.c.obj
 .rodata.pll_init.str1.4
                0x00000000100059ec      0x157 CMakeFiles/WaveGuide.dir/home/leviathan/Documents/git/Pico_official/pico/pico-sdk/src/rp2_common/hardware_pll/pll.c.obj
 *fill*         0x0000000010005b43        0x1 
 .rodata.__func__.4416
                0x0000000010005b44        0x9 CMakeFiles/WaveGuide.dir/home/leviathan/Documents/git/Pico_official/pico/pico-sdk/src/rp2_common/hardware_pll/pll.c.obj
 *fill*         0x0000000010005b4d        0x3 
 .rodata._ftoa.str1.4
                0x0000000010005b50       0x15 CMakeFiles/WaveGuide.dir/home/leviathan/Documents/git/Pico_official/pico/pico-sdk/src/rp2_common/pico_printf/printf.c.obj
 *fill*         0x0000000010005b65        0x3 
 .rodata._vsnprintf
                0x0000000010005b68      0x1e0 CMakeFiles/WaveGuide.dir/home/leviathan/Documents/git/Pico_official/pico/pico-sdk/src/rp2_common/pico_printf/printf.c.obj
 .rodata.pow10.5431
                0x0000000010005d48       0x50 CMakeFiles/WaveGuide.dir/home/leviathan/Documents/git/Pico_official/pico/pico-sdk/src/rp2_common/pico_printf/printf.c.obj
 .rodata.__aeabi_double_init.str1.4
                0x0000000010005d98       0xc7 CMakeFiles/WaveGuide.dir/home/leviathan/Documents/git/Pico_official/pico/pico-sdk/src/rp2_common/pico_double/double_init_rom.c.obj
 *fill*         0x0000000010005e5f        0x1 
 .rodata.__func__.4728
                0x0000000010005e60       0x14 CMakeFiles/WaveGuide.dir/home/leviathan/Documents/git/Pico_official/pico/pico-sdk/src/rp2_common/pico_double/double_init_rom.c.obj
 .rodata.__aeabi_float_init.str1.4
                0x0000000010005e74       0x99 CMakeFiles/WaveGuide.dir/home/leviathan/Documents/git/Pico_official/pico/pico-sdk/src/rp2_common/pico_float/float_init_rom.c.obj
                                         0x9d (size before relaxing)
 *fill*         0x0000000010005f0d        0x3 
 .rodata.__func__.4729
                0x0000000010005f10       0x13 CMakeFiles/WaveGuide.dir/home/leviathan/Documents/git/Pico_official/pico/pico-sdk/src/rp2_common/pico_float/float_init_rom.c.obj
 *fill*         0x0000000010005f23        0x1 
 .rodata.str1.4
                0x0000000010005f24       0x44 CMakeFiles/WaveGuide.dir/home/leviathan/Documents/git/Pico_official/pico/pico-sdk/src/rp2_common/pico_standard_link/binary_info.c.obj
 .rodata.__bi_44
                0x0000000010005f68        0xc CMakeFiles/WaveGuide.dir/home/leviathan/Documents/git/Pico_official/pico/pico-sdk/src/rp2_common/pico_standard_link/binary_info.c.obj
 .rodata.__bi_56
                0x0000000010005f74        0xc CMakeFiles/WaveGuide.dir/home/leviathan/Documents/git/Pico_official/pico/pico-sdk/src/rp2_common/pico_standard_link/binary_info.c.obj
 .rodata.__bi_75
                0x0000000010005f80        0xc CMakeFiles/WaveGuide.dir/home/leviathan/Documents/git/Pico_official/pico/pico-sdk/src/rp2_common/pico_standard_link/binary_info.c.obj
 .rodata.__bi_81
                0x0000000010005f8c        0xc CMakeFiles/WaveGuide.dir/home/leviathan/Documents/git/Pico_official/pico/pico-sdk/src/rp2_common/pico_standard_link/binary_info.c.obj
 .rodata.crlf_str.6060
                0x0000000010005f98        0x2 CMakeFiles/WaveGuide.dir/home/leviathan/Documents/git/Pico_official/pico/pico-sdk/src/rp2_common/pico_stdio/stdio.c.obj
 *fill*         0x0000000010005f9a        0x2 
 .rodata.str1.4
                0x0000000010005f9c       0x2c CMakeFiles/WaveGuide.dir/home/leviathan/Documents/git/Pico_official/pico/pico-sdk/src/rp2_common/pico_stdio_uart/stdio_uart.c.obj
 .rodata.__bi_28.4863
                0x0000000010005fc8        0xc CMakeFiles/WaveGuide.dir/home/leviathan/Documents/git/Pico_official/pico/pico-sdk/src/rp2_common/pico_stdio_uart/stdio_uart.c.obj
 .rodata.__bi_29.4867
                0x0000000010005fd4        0x8 CMakeFiles/WaveGuide.dir/home/leviathan/Documents/git/Pico_official/pico/pico-sdk/src/rp2_common/pico_stdio_uart/stdio_uart.c.obj
 .rodata.i2c_set_baudrate.str1.4
                0x0000000010005fdc       0x7c CMakeFiles/WaveGuide.dir/home/leviathan/Documents/git/Pico_official/pico/pico-sdk/src/rp2_common/hardware_i2c/i2c.c.obj
 .rodata.__func__.4798
                0x0000000010006058       0x11 CMakeFiles/WaveGuide.dir/home/leviathan/Documents/git/Pico_official/pico/pico-sdk/src/rp2_common/hardware_i2c/i2c.c.obj
                0x000000001000606c                . = ALIGN (0x4)
 *fill*         0x0000000010006069        0x3 
 *(SORT_BY_ALIGNMENT(SORT_BY_NAME(.flashdata*)))
                0x000000001000606c                . = ALIGN (0x4)

.ARM.extab      0x000000001000606c       0x30
 *(.ARM.extab* .gnu.linkonce.armextab.*)
 .ARM.extab     0x000000001000606c       0x24 /usr/lib/gcc/arm-none-eabi/9.2.1/thumb/v6-m/nofp/libgcc.a(unwind-arm.o)
 .ARM.extab     0x0000000010006090        0xc /usr/lib/gcc/arm-none-eabi/9.2.1/thumb/v6-m/nofp/libgcc.a(pr-support.o)
                0x000000001000609c                __exidx_start = .

.ARM.exidx      0x000000001000609c       0xd8
 *(.ARM.exidx* .gnu.linkonce.armexidx.*)
 .ARM.exidx.text._Z14alarm_callbacklPv
                0x000000001000609c        0x8 CMakeFiles/WaveGuide.dir/WaveGuide.cpp.obj
 .ARM.exidx.text.main
                0x00000000100060a4       0x10 CMakeFiles/WaveGuide.dir/WaveGuide.cpp.obj
                                          0x8 (size before relaxing)
 .ARM.exidx     0x00000000100060b4       0x90 /usr/lib/gcc/arm-none-eabi/9.2.1/thumb/v6-m/nofp/libgcc.a(unwind-arm.o)
                                         0xd8 (size before relaxing)
 .ARM.exidx     0x0000000010006144       0x30 /usr/lib/gcc/arm-none-eabi/9.2.1/thumb/v6-m/nofp/libgcc.a(pr-support.o)
                                         0x38 (size before relaxing)
                0x0000000010006174                __exidx_end = .

.rel.dyn        0x0000000010006174        0x0
 .rel.iplt      0x0000000010006174        0x0 /usr/lib/gcc/arm-none-eabi/9.2.1/thumb/v6-m/nofp/crtbegin.o
                0x0000000010006174                . = ALIGN (0x4)
                0x0000000010006174                __binary_info_start = .

.binary_info    0x0000000010006174       0x28
 *(.binary_info.keep.*)
 .binary_info.keep.__bi_ptr22
                0x0000000010006174        0x4 CMakeFiles/WaveGuide.dir/home/leviathan/Documents/git/Pico_official/pico/pico-sdk/src/rp2_common/pico_standard_link/binary_info.c.obj
 .binary_info.keep.__bi_ptr30
                0x0000000010006178        0x4 CMakeFiles/WaveGuide.dir/home/leviathan/Documents/git/Pico_official/pico/pico-sdk/src/rp2_common/pico_standard_link/binary_info.c.obj
 .binary_info.keep.__bi_ptr38
                0x000000001000617c        0x4 CMakeFiles/WaveGuide.dir/home/leviathan/Documents/git/Pico_official/pico/pico-sdk/src/rp2_common/pico_standard_link/binary_info.c.obj
 .binary_info.keep.__bi_ptr44
                0x0000000010006180        0x4 CMakeFiles/WaveGuide.dir/home/leviathan/Documents/git/Pico_official/pico/pico-sdk/src/rp2_common/pico_standard_link/binary_info.c.obj
 .binary_info.keep.__bi_ptr50
                0x0000000010006184        0x4 CMakeFiles/WaveGuide.dir/home/leviathan/Documents/git/Pico_official/pico/pico-sdk/src/rp2_common/pico_standard_link/binary_info.c.obj
 .binary_info.keep.__bi_ptr56
                0x0000000010006188        0x4 CMakeFiles/WaveGuide.dir/home/leviathan/Documents/git/Pico_official/pico/pico-sdk/src/rp2_common/pico_standard_link/binary_info.c.obj
 .binary_info.keep.__bi_ptr75
                0x000000001000618c        0x4 CMakeFiles/WaveGuide.dir/home/leviathan/Documents/git/Pico_official/pico/pico-sdk/src/rp2_common/pico_standard_link/binary_info.c.obj
 .binary_info.keep.__bi_ptr81
                0x0000000010006190        0x4 CMakeFiles/WaveGuide.dir/home/leviathan/Documents/git/Pico_official/pico/pico-sdk/src/rp2_common/pico_standard_link/binary_info.c.obj
 *(.binary_info.*)
 .binary_info.__bi_ptr28
                0x0000000010006194        0x4 CMakeFiles/WaveGuide.dir/home/leviathan/Documents/git/Pico_official/pico/pico-sdk/src/rp2_common/pico_stdio_uart/stdio_uart.c.obj
 .binary_info.__bi_ptr29
                0x0000000010006198        0x4 CMakeFiles/WaveGuide.dir/home/leviathan/Documents/git/Pico_official/pico/pico-sdk/src/rp2_common/pico_stdio_uart/stdio_uart.c.obj
                0x000000001000619c                __binary_info_end = .
                0x000000001000619c                . = ALIGN (0x4)
                0x000000001000619c                __etext = .

.ram_vector_table
                0x0000000020000000       0xc0
 *(.ram_vector_table)
 .ram_vector_table
                0x0000000020000000       0xc0 CMakeFiles/WaveGuide.dir/home/leviathan/Documents/git/Pico_official/pico/pico-sdk/src/rp2_common/pico_runtime/runtime.c.obj
                0x0000000020000000                ram_vector_table

.data           0x00000000200000c0     0x193c load address 0x000000001000619c
                0x00000000200000c0                __data_start__ = .
 *(vtable)
 *(.time_critical*)
 .time_critical.mutex_enter_blocking
                0x00000000200000c0       0x48 CMakeFiles/WaveGuide.dir/home/leviathan/Documents/git/Pico_official/pico/pico-sdk/src/common/pico_sync/mutex.c.obj
                0x00000000200000c0                mutex_enter_blocking
 .time_critical.mutex_try_enter
                0x0000000020000108       0x48 CMakeFiles/WaveGuide.dir/home/leviathan/Documents/git/Pico_official/pico/pico-sdk/src/common/pico_sync/mutex.c.obj
                0x0000000020000108                mutex_try_enter
 .time_critical.mutex_exit
                0x0000000020000150       0x4c CMakeFiles/WaveGuide.dir/home/leviathan/Documents/git/Pico_official/pico/pico-sdk/src/common/pico_sync/mutex.c.obj
                0x0000000020000150                mutex_exit
 *(.text*)
 .text          0x000000002000019c        0x4 /usr/lib/gcc/arm-none-eabi/9.2.1/thumb/v6-m/nofp/libgcc.a(_dvmd_tls.o)
                0x000000002000019c                __aeabi_ldiv0
                0x000000002000019c                __aeabi_idiv0
 .text          0x00000000200001a0      0xa44 /usr/lib/gcc/arm-none-eabi/9.2.1/thumb/v6-m/nofp/libgcc.a(unwind-arm.o)
                0x000000002000046c                _Unwind_GetCFA
                0x0000000020000470                __gnu_Unwind_RaiseException
                0x00000000200004c4                __gnu_Unwind_ForcedUnwind
                0x00000000200004d8                __gnu_Unwind_Resume
                0x0000000020000520                __gnu_Unwind_Resume_or_Rethrow
                0x000000002000053c                _Unwind_Complete
                0x0000000020000540                _Unwind_DeleteException
                0x0000000020000550                _Unwind_VRS_Get
                0x000000002000059c                _Unwind_VRS_Set
                0x00000000200005e8                __gnu_Unwind_Backtrace
                0x0000000020000944                __aeabi_unwind_cpp_pr0
                0x0000000020000950                __aeabi_unwind_cpp_pr1
                0x000000002000095c                __aeabi_unwind_cpp_pr2
                0x0000000020000968                _Unwind_VRS_Pop
 .text          0x0000000020000be4      0x144 /usr/lib/gcc/arm-none-eabi/9.2.1/thumb/v6-m/nofp/libgcc.a(libunwind.o)
                0x0000000020000be4                __restore_core_regs
                0x0000000020000be4                restore_core_regs
                0x0000000020000c10                __gnu_Unwind_Restore_VFP
                0x0000000020000c14                __gnu_Unwind_Save_VFP
                0x0000000020000c18                __gnu_Unwind_Restore_VFP_D
                0x0000000020000c1c                __gnu_Unwind_Save_VFP_D
                0x0000000020000c20                __gnu_Unwind_Restore_VFP_D_16_to_31
                0x0000000020000c24                __gnu_Unwind_Save_VFP_D_16_to_31
                0x0000000020000c28                __gnu_Unwind_Restore_WMMXD
                0x0000000020000c2c                __gnu_Unwind_Save_WMMXD
                0x0000000020000c30                __gnu_Unwind_Restore_WMMXC
                0x0000000020000c34                __gnu_Unwind_Save_WMMXC
                0x0000000020000c38                ___Unwind_RaiseException
                0x0000000020000c38                _Unwind_RaiseException
                0x0000000020000c68                ___Unwind_Resume
                0x0000000020000c68                _Unwind_Resume
                0x0000000020000c98                _Unwind_Resume_or_Rethrow
                0x0000000020000c98                ___Unwind_Resume_or_Rethrow
                0x0000000020000cc8                ___Unwind_ForcedUnwind
                0x0000000020000cc8                _Unwind_ForcedUnwind
                0x0000000020000cf8                _Unwind_Backtrace
                0x0000000020000cf8                ___Unwind_Backtrace
 .text          0x0000000020000d28      0x390 /usr/lib/gcc/arm-none-eabi/9.2.1/thumb/v6-m/nofp/libgcc.a(pr-support.o)
                0x0000000020000d7c                __gnu_unwind_execute
                0x000000002000106c                __gnu_unwind_frame
                0x0000000020001098                _Unwind_GetRegionStart
                0x00000000200010a4                _Unwind_GetLanguageSpecificData
 .text.__stub   0x00000000200010b8       0x30 linker stubs
                0x00000000200010e8                . = ALIGN (0x4)
 *(.rodata*)
                0x00000000200010e8                . = ALIGN (0x4)
 *(.data*)
 .data.striped_spin_lock_num
                0x00000000200010e8        0x1 CMakeFiles/WaveGuide.dir/home/leviathan/Documents/git/Pico_official/pico/pico-sdk/src/rp2_common/hardware_sync/sync.c.obj
 *fill*         0x00000000200010e9        0x3 
 .data          0x00000000200010ec       0x48 CMakeFiles/WaveGuide.dir/home/leviathan/Documents/git/Pico_official/pico/pico-sdk/src/rp2_common/hardware_irq/irq_handler_chain.S.obj
                0x00000000200010ec                irq_handler_chain_slots
                0x000000002000111c                irq_handler_chain_first_slot
                0x0000000020001126                irq_handler_chain_remove_tail
 .data.default_alarm_pool
                0x0000000020001134       0x18 CMakeFiles/WaveGuide.dir/home/leviathan/Documents/git/Pico_official/pico/pico-sdk/src/common/pico_time/time.c.obj
 .data.default_alarm_pool_heap
                0x000000002000114c       0x10 CMakeFiles/WaveGuide.dir/home/leviathan/Documents/git/Pico_official/pico/pico-sdk/src/common/pico_time/time.c.obj
 *fill*         0x000000002000115c        0x4 
 .data.aeabi_bits_funcs
                0x0000000020001160       0x10 CMakeFiles/WaveGuide.dir/home/leviathan/Documents/git/Pico_official/pico/pico-sdk/src/rp2_common/pico_bit_ops/bit_ops_aeabi.S.obj
                0x0000000020001160                aeabi_bits_funcs
                0x0000000020001170                aeabi_bits_funcs_end
 .data.aeabi_mem_funcs
                0x0000000020001170       0x10 CMakeFiles/WaveGuide.dir/home/leviathan/Documents/git/Pico_official/pico/pico-sdk/src/rp2_common/pico_mem_ops/mem_ops_aeabi.S.obj
                0x0000000020001170                aeabi_mem_funcs
                0x0000000020001180                aeabi_mem_funcs_end
 .data.stdio_uart
                0x0000000020001180       0x14 CMakeFiles/WaveGuide.dir/home/leviathan/Documents/git/Pico_official/pico/pico-sdk/src/rp2_common/pico_stdio_uart/stdio_uart.c.obj
                0x0000000020001180                stdio_uart
 .data.i2c0_inst
                0x0000000020001194        0x8 CMakeFiles/WaveGuide.dir/home/leviathan/Documents/git/Pico_official/pico/pico-sdk/src/rp2_common/hardware_i2c/i2c.c.obj
                0x0000000020001194                i2c0_inst
 *fill*         0x000000002000119c        0x4 
 .data          0x00000000200011a0      0x430 /usr/lib/gcc/arm-none-eabi/9.2.1/../../../arm-none-eabi/lib/thumb/v6-m/nofp/libg.a(lib_a-impure.o)
                0x00000000200011a0                _impure_ptr
 .data          0x00000000200015d0      0x410 /usr/lib/gcc/arm-none-eabi/9.2.1/../../../arm-none-eabi/lib/thumb/v6-m/nofp/libg.a(lib_a-mallocr.o)
                0x00000000200015d0                __malloc_sbrk_base
                0x00000000200015d4                __malloc_trim_threshold
                0x00000000200015d8                __malloc_av_
                0x00000000200019e0                . = ALIGN (0x4)
 *(.after_data.*)
                0x00000000200019e0                . = ALIGN (0x4)
                0x00000000200019e0                PROVIDE (__mutex_array_start = .)
 *(SORT_BY_NAME(.mutex_array.*))
 *(.mutex_array)
 .mutex_array   0x00000000200019e0        0x8 CMakeFiles/WaveGuide.dir/home/leviathan/Documents/git/Pico_official/pico/pico-sdk/src/rp2_common/pico_stdio/stdio.c.obj
                0x00000000200019e8                PROVIDE (__mutex_array_end = .)
                0x00000000200019e8                . = ALIGN (0x4)
                0x00000000200019e8                PROVIDE (__preinit_array_start = .)
 *(SORT_BY_NAME(.preinit_array.*))
 .preinit_array.00001
                0x00000000200019e8        0x4 CMakeFiles/WaveGuide.dir/home/leviathan/Documents/git/Pico_official/pico/pico-sdk/src/rp2_common/pico_mem_ops/mem_ops_aeabi.S.obj
 .preinit_array.00010
                0x00000000200019ec        0x4 CMakeFiles/WaveGuide.dir/home/leviathan/Documents/git/Pico_official/pico/pico-sdk/src/rp2_common/pico_bit_ops/bit_ops_aeabi.S.obj
 .preinit_array.00020
                0x00000000200019f0        0x4 CMakeFiles/WaveGuide.dir/home/leviathan/Documents/git/Pico_official/pico/pico-sdk/src/rp2_common/pico_double/double_aeabi.S.obj
 .preinit_array.00020
                0x00000000200019f4        0x4 CMakeFiles/WaveGuide.dir/home/leviathan/Documents/git/Pico_official/pico/pico-sdk/src/rp2_common/pico_float/float_aeabi.S.obj
 *(.preinit_array)
                0x00000000200019f8                PROVIDE (__preinit_array_end = .)
                0x00000000200019f8                . = ALIGN (0x4)
                0x00000000200019f8                PROVIDE (__init_array_start = .)
 *(SORT_BY_NAME(.init_array.*))
 *(.init_array)
 .init_array    0x00000000200019f8        0x4 /usr/lib/gcc/arm-none-eabi/9.2.1/thumb/v6-m/nofp/crtbegin.o
                0x00000000200019fc                PROVIDE (__init_array_end = .)
                0x00000000200019fc                . = ALIGN (0x4)
                0x00000000200019fc                PROVIDE (__fini_array_start = .)
 *(SORT_BY_NAME(.fini_array.*))
 *(.fini_array)
                0x00000000200019fc                PROVIDE (__fini_array_end = .)
 *(.jcr)
                0x00000000200019fc                . = ALIGN (0x4)
                0x00000000200019fc                __data_end__ = .

.tm_clone_table
                0x00000000200019fc        0x0 load address 0x0000000010007ad8
 .tm_clone_table
                0x00000000200019fc        0x0 /usr/lib/gcc/arm-none-eabi/9.2.1/thumb/v6-m/nofp/crtbegin.o
 .tm_clone_table
                0x00000000200019fc        0x0 /usr/lib/gcc/arm-none-eabi/9.2.1/thumb/v6-m/nofp/crtend.o

.igot.plt       0x00000000200019fc        0x0 load address 0x0000000010007ad8
 .igot.plt      0x00000000200019fc        0x0 /usr/lib/gcc/arm-none-eabi/9.2.1/thumb/v6-m/nofp/crtbegin.o

.uninitialized_data
                0x00000000200019fc        0x0 load address 0x0000000010007ad8
                0x00000000200019fc                . = ALIGN (0x4)
 *(.uninitialized_data*)

.scratch_x      0x0000000020040000        0x0 load address 0x0000000010007ad8
                0x0000000020040000                __scratch_x_start__ = .
 *(.scratch_x.*)
                0x0000000020040000                . = ALIGN (0x4)
                0x0000000020040000                __scratch_x_end__ = .
                0x0000000010007ad8                __scratch_x_source__ = LOADADDR (.scratch_x)

.scratch_y      0x0000000020041000        0x0 load address 0x0000000010007ad8
                0x0000000020041000                __scratch_y_start__ = .
 *(.scratch_y.*)
                0x0000000020041000                . = ALIGN (0x4)
                0x0000000020041000                __scratch_y_end__ = .
                0x0000000010007ad8                __scratch_y_source__ = LOADADDR (.scratch_y)

.bss            0x0000000020001a00      0x40c
                0x0000000020001a00                . = ALIGN (0x4)
                0x0000000020001a00                __bss_start__ = .
 *(SORT_BY_ALIGNMENT(SORT_BY_NAME(.bss*)))
 .bss.default_alarm_pool_entries
                0x0000000020001a00      0x100 CMakeFiles/WaveGuide.dir/home/leviathan/Documents/git/Pico_official/pico/pico-sdk/src/common/pico_time/time.c.obj
 .bss           0x0000000020001b00       0x1c /usr/lib/gcc/arm-none-eabi/9.2.1/thumb/v6-m/nofp/crtbegin.o
 .bss           0x0000000020001b1c       0x34 /usr/lib/gcc/arm-none-eabi/9.2.1/../../../arm-none-eabi/lib/thumb/v6-m/nofp/libg.a(lib_a-mallocr.o)
                0x0000000020001b1c                __malloc_top_pad
                0x0000000020001b20                __malloc_current_mallinfo
                0x0000000020001b48                __malloc_max_sbrked_mem
                0x0000000020001b4c                __malloc_max_total_mem
 .bss.alarm_callbacks
                0x0000000020001b50       0x10 CMakeFiles/WaveGuide.dir/home/leviathan/Documents/git/Pico_official/pico/pico-sdk/src/rp2_common/hardware_timer/timer.c.obj
 .bss.configured_freq
                0x0000000020001b60       0x28 CMakeFiles/WaveGuide.dir/home/leviathan/Documents/git/Pico_official/pico/pico-sdk/src/rp2_common/hardware_clocks/clocks.c.obj
 .bss.default_alarm_pool_entry_ids_high
                0x0000000020001b88       0x10 CMakeFiles/WaveGuide.dir/home/leviathan/Documents/git/Pico_official/pico/pico-sdk/src/common/pico_time/time.c.obj
 .bss.default_alarm_pool_heap_nodes
                0x0000000020001b98       0x30 CMakeFiles/WaveGuide.dir/home/leviathan/Documents/git/Pico_official/pico/pico-sdk/src/common/pico_time/time.c.obj
 .bss.drivers   0x0000000020001bc8        0x4 CMakeFiles/WaveGuide.dir/home/leviathan/Documents/git/Pico_official/pico/pico-sdk/src/rp2_common/pico_stdio/stdio.c.obj
 .bss.filter    0x0000000020001bcc        0x4 CMakeFiles/WaveGuide.dir/home/leviathan/Documents/git/Pico_official/pico/pico-sdk/src/rp2_common/pico_stdio/stdio.c.obj
 .bss.heap_end.5864
                0x0000000020001bd0        0x4 CMakeFiles/WaveGuide.dir/home/leviathan/Documents/git/Pico_official/pico/pico-sdk/src/rp2_common/pico_runtime/runtime.c.obj
 .bss.pools     0x0000000020001bd4       0x10 CMakeFiles/WaveGuide.dir/home/leviathan/Documents/git/Pico_official/pico/pico-sdk/src/common/pico_time/time.c.obj
 .bss.sf_clz_func
                0x0000000020001be4        0x4 CMakeFiles/WaveGuide.dir/home/leviathan/Documents/git/Pico_official/pico/pico-sdk/src/rp2_common/pico_double/double_init_rom.c.obj
                0x0000000020001be4                sf_clz_func
 .bss.sleep_notifier
                0x0000000020001be8        0x4 CMakeFiles/WaveGuide.dir/home/leviathan/Documents/git/Pico_official/pico/pico-sdk/src/common/pico_time/time.c.obj
 .bss.target_hi
                0x0000000020001bec       0x10 CMakeFiles/WaveGuide.dir/home/leviathan/Documents/git/Pico_official/pico/pico-sdk/src/rp2_common/hardware_timer/timer.c.obj
 .bss.uart_instance
                0x0000000020001bfc        0x4 CMakeFiles/WaveGuide.dir/home/leviathan/Documents/git/Pico_official/pico/pico-sdk/src/rp2_common/pico_stdio_uart/stdio_uart.c.obj
 .bss.claimed   0x0000000020001c00        0x1 CMakeFiles/WaveGuide.dir/home/leviathan/Documents/git/Pico_official/pico/pico-sdk/src/rp2_common/hardware_timer/timer.c.obj
 .bss.irq_hander_chain_free_slot_head
                0x0000000020001c01        0x1 CMakeFiles/WaveGuide.dir/home/leviathan/Documents/git/Pico_official/pico/pico-sdk/src/rp2_common/hardware_irq/irq.c.obj
 .bss.timer_callbacks_pending
                0x0000000020001c02        0x1 CMakeFiles/WaveGuide.dir/home/leviathan/Documents/git/Pico_official/pico/pico-sdk/src/rp2_common/hardware_timer/timer.c.obj
 *(COMMON)
 *fill*         0x0000000020001c03        0x1 
 COMMON         0x0000000020001c04        0x4 CMakeFiles/WaveGuide.dir/home/leviathan/Documents/git/Pico_official/pico/pico-sdk/src/rp2_common/hardware_uart/uart.c.obj
                0x0000000020001c04                uart_char_to_line_feed
 COMMON         0x0000000020001c08      0x100 CMakeFiles/WaveGuide.dir/home/leviathan/Documents/git/Pico_official/pico/pico-sdk/src/rp2_common/pico_double/double_init_rom.c.obj
                0x0000000020001c08                sd_table
 COMMON         0x0000000020001d08      0x100 CMakeFiles/WaveGuide.dir/home/leviathan/Documents/git/Pico_official/pico/pico-sdk/src/rp2_common/pico_float/float_init_rom.c.obj
                0x0000000020001d08                sf_table
 COMMON         0x0000000020001e08        0x4 /usr/lib/gcc/arm-none-eabi/9.2.1/../../../arm-none-eabi/lib/thumb/v6-m/nofp/libg.a(lib_a-reent.o)
                0x0000000020001e08                errno
                0x0000000020001e0c                . = ALIGN (0x4)
                0x0000000020001e0c                __bss_end__ = .

.heap           0x0000000020001e0c      0x800
                0x0000000020001e0c                __end__ = .
                0x0000000020001e0c                end = __end__
 *(.heap*)
 .heap          0x0000000020001e0c      0x800 CMakeFiles/WaveGuide.dir/home/leviathan/Documents/git/Pico_official/pico/pico-sdk/src/rp2_common/pico_standard_link/crt0.S.obj
                0x000000002000260c                __HeapLimit = .

.stack1_dummy   0x0000000020040000        0x0
 *(.stack1*)

.stack_dummy    0x0000000020041000      0x800
 *(.stack*)
 .stack         0x0000000020041000      0x800 CMakeFiles/WaveGuide.dir/home/leviathan/Documents/git/Pico_official/pico/pico-sdk/src/rp2_common/pico_standard_link/crt0.S.obj

.flash_end      0x0000000010007ad8        0x0
                0x0000000010007ad8                __flash_binary_end = .
                0x0000000020040000                __StackLimit = (ORIGIN (RAM) + LENGTH (RAM))
                0x0000000020041000                __StackOneTop = (ORIGIN (SCRATCH_X) + LENGTH (SCRATCH_X))
                0x0000000020042000                __StackTop = (ORIGIN (SCRATCH_Y) + LENGTH (SCRATCH_Y))
                0x0000000020041000                __StackOneBottom = (__StackOneTop - SIZEOF (.stack1_dummy))
                0x0000000020041800                __StackBottom = (__StackTop - SIZEOF (.stack_dummy))
                0x0000000020042000                PROVIDE (__stack = __StackTop)
                0x0000000000000001                ASSERT ((__StackLimit >= __HeapLimit), region RAM overflowed)
                0x0000000000000001                ASSERT (((__binary_info_header_end - __logical_binary_start) <= 0x100), Binary info must be in first 256 bytes of the binary)
LOAD CMakeFiles/WaveGuide.dir/WaveGuide.cpp.obj
LOAD CMakeFiles/WaveGuide.dir/home/leviathan/Documents/git/Pico_official/pico/pico-sdk/src/rp2_common/pico_stdlib/stdlib.c.obj
LOAD CMakeFiles/WaveGuide.dir/home/leviathan/Documents/git/Pico_official/pico/pico-sdk/src/rp2_common/hardware_gpio/gpio.c.obj
LOAD CMakeFiles/WaveGuide.dir/home/leviathan/Documents/git/Pico_official/pico/pico-sdk/src/rp2_common/hardware_claim/claim.c.obj
LOAD CMakeFiles/WaveGuide.dir/home/leviathan/Documents/git/Pico_official/pico/pico-sdk/src/rp2_common/pico_platform/platform.c.obj
LOAD CMakeFiles/WaveGuide.dir/home/leviathan/Documents/git/Pico_official/pico/pico-sdk/src/rp2_common/hardware_sync/sync.c.obj
LOAD CMakeFiles/WaveGuide.dir/home/leviathan/Documents/git/Pico_official/pico/pico-sdk/src/rp2_common/hardware_irq/irq.c.obj
LOAD CMakeFiles/WaveGuide.dir/home/leviathan/Documents/git/Pico_official/pico/pico-sdk/src/rp2_common/hardware_irq/irq_handler_chain.S.obj
LOAD CMakeFiles/WaveGuide.dir/home/leviathan/Documents/git/Pico_official/pico/pico-sdk/src/common/pico_sync/sem.c.obj
LOAD CMakeFiles/WaveGuide.dir/home/leviathan/Documents/git/Pico_official/pico/pico-sdk/src/common/pico_sync/lock_core.c.obj
LOAD CMakeFiles/WaveGuide.dir/home/leviathan/Documents/git/Pico_official/pico/pico-sdk/src/common/pico_time/time.c.obj
LOAD CMakeFiles/WaveGuide.dir/home/leviathan/Documents/git/Pico_official/pico/pico-sdk/src/common/pico_time/timeout_helper.c.obj
LOAD CMakeFiles/WaveGuide.dir/home/leviathan/Documents/git/Pico_official/pico/pico-sdk/src/rp2_common/hardware_timer/timer.c.obj
LOAD CMakeFiles/WaveGuide.dir/home/leviathan/Documents/git/Pico_official/pico/pico-sdk/src/common/pico_util/datetime.c.obj
LOAD CMakeFiles/WaveGuide.dir/home/leviathan/Documents/git/Pico_official/pico/pico-sdk/src/common/pico_util/pheap.c.obj
LOAD CMakeFiles/WaveGuide.dir/home/leviathan/Documents/git/Pico_official/pico/pico-sdk/src/common/pico_util/queue.c.obj
LOAD CMakeFiles/WaveGuide.dir/home/leviathan/Documents/git/Pico_official/pico/pico-sdk/src/common/pico_sync/mutex.c.obj
LOAD CMakeFiles/WaveGuide.dir/home/leviathan/Documents/git/Pico_official/pico/pico-sdk/src/common/pico_sync/critical_section.c.obj
LOAD CMakeFiles/WaveGuide.dir/home/leviathan/Documents/git/Pico_official/pico/pico-sdk/src/rp2_common/hardware_uart/uart.c.obj
LOAD CMakeFiles/WaveGuide.dir/home/leviathan/Documents/git/Pico_official/pico/pico-sdk/src/rp2_common/hardware_divider/divider.S.obj
LOAD CMakeFiles/WaveGuide.dir/home/leviathan/Documents/git/Pico_official/pico/pico-sdk/src/rp2_common/pico_runtime/runtime.c.obj
LOAD CMakeFiles/WaveGuide.dir/home/leviathan/Documents/git/Pico_official/pico/pico-sdk/src/rp2_common/hardware_clocks/clocks.c.obj
LOAD CMakeFiles/WaveGuide.dir/home/leviathan/Documents/git/Pico_official/pico/pico-sdk/src/rp2_common/hardware_pll/pll.c.obj
LOAD CMakeFiles/WaveGuide.dir/home/leviathan/Documents/git/Pico_official/pico/pico-sdk/src/rp2_common/hardware_vreg/vreg.c.obj
LOAD CMakeFiles/WaveGuide.dir/home/leviathan/Documents/git/Pico_official/pico/pico-sdk/src/rp2_common/hardware_watchdog/watchdog.c.obj
LOAD CMakeFiles/WaveGuide.dir/home/leviathan/Documents/git/Pico_official/pico/pico-sdk/src/rp2_common/hardware_xosc/xosc.c.obj
LOAD CMakeFiles/WaveGuide.dir/home/leviathan/Documents/git/Pico_official/pico/pico-sdk/src/rp2_common/pico_printf/printf.c.obj
LOAD CMakeFiles/WaveGuide.dir/home/leviathan/Documents/git/Pico_official/pico/pico-sdk/src/rp2_common/pico_bit_ops/bit_ops_aeabi.S.obj
LOAD CMakeFiles/WaveGuide.dir/home/leviathan/Documents/git/Pico_official/pico/pico-sdk/src/rp2_common/pico_bootrom/bootrom.c.obj
LOAD CMakeFiles/WaveGuide.dir/home/leviathan/Documents/git/Pico_official/pico/pico-sdk/src/rp2_common/pico_divider/divider.S.obj
LOAD CMakeFiles/WaveGuide.dir/home/leviathan/Documents/git/Pico_official/pico/pico-sdk/src/rp2_common/pico_double/double_aeabi.S.obj
LOAD CMakeFiles/WaveGuide.dir/home/leviathan/Documents/git/Pico_official/pico/pico-sdk/src/rp2_common/pico_double/double_init_rom.c.obj
LOAD CMakeFiles/WaveGuide.dir/home/leviathan/Documents/git/Pico_official/pico/pico-sdk/src/rp2_common/pico_double/double_math.c.obj
LOAD CMakeFiles/WaveGuide.dir/home/leviathan/Documents/git/Pico_official/pico/pico-sdk/src/rp2_common/pico_double/double_v1_rom_shim.S.obj
LOAD CMakeFiles/WaveGuide.dir/home/leviathan/Documents/git/Pico_official/pico/pico-sdk/src/rp2_common/pico_int64_ops/pico_int64_ops_aeabi.S.obj
LOAD CMakeFiles/WaveGuide.dir/home/leviathan/Documents/git/Pico_official/pico/pico-sdk/src/rp2_common/pico_float/float_aeabi.S.obj
LOAD CMakeFiles/WaveGuide.dir/home/leviathan/Documents/git/Pico_official/pico/pico-sdk/src/rp2_common/pico_float/float_init_rom.c.obj
LOAD CMakeFiles/WaveGuide.dir/home/leviathan/Documents/git/Pico_official/pico/pico-sdk/src/rp2_common/pico_float/float_math.c.obj
LOAD CMakeFiles/WaveGuide.dir/home/leviathan/Documents/git/Pico_official/pico/pico-sdk/src/rp2_common/pico_float/float_v1_rom_shim.S.obj
LOAD CMakeFiles/WaveGuide.dir/home/leviathan/Documents/git/Pico_official/pico/pico-sdk/src/rp2_common/pico_malloc/pico_malloc.c.obj
LOAD CMakeFiles/WaveGuide.dir/home/leviathan/Documents/git/Pico_official/pico/pico-sdk/src/rp2_common/pico_mem_ops/mem_ops_aeabi.S.obj
LOAD CMakeFiles/WaveGuide.dir/home/leviathan/Documents/git/Pico_official/pico/pico-sdk/src/rp2_common/pico_standard_link/crt0.S.obj
LOAD CMakeFiles/WaveGuide.dir/home/leviathan/Documents/git/Pico_official/pico/pico-sdk/src/rp2_common/pico_standard_link/new_delete.cpp.obj
LOAD CMakeFiles/WaveGuide.dir/home/leviathan/Documents/git/Pico_official/pico/pico-sdk/src/rp2_common/pico_standard_link/binary_info.c.obj
LOAD CMakeFiles/WaveGuide.dir/home/leviathan/Documents/git/Pico_official/pico/pico-sdk/src/rp2_common/pico_stdio/stdio.c.obj
LOAD CMakeFiles/WaveGuide.dir/home/leviathan/Documents/git/Pico_official/pico/pico-sdk/src/rp2_common/pico_stdio_uart/stdio_uart.c.obj
LOAD CMakeFiles/WaveGuide.dir/home/leviathan/Documents/git/Pico_official/pico/pico-sdk/src/rp2_common/hardware_spi/spi.c.obj
LOAD CMakeFiles/WaveGuide.dir/home/leviathan/Documents/git/Pico_official/pico/pico-sdk/src/rp2_common/hardware_i2c/i2c.c.obj
LOAD CMakeFiles/WaveGuide.dir/home/leviathan/Documents/git/Pico_official/pico/pico-sdk/src/rp2_common/hardware_pio/pio.c.obj
LOAD CMakeFiles/WaveGuide.dir/home/leviathan/Documents/git/Pico_official/pico/pico-sdk/src/rp2_common/hardware_interp/interp.c.obj
LOAD /tmp/cco5dx5s.o
LOAD /usr/lib/gcc/arm-none-eabi/9.2.1/../../../arm-none-eabi/lib/thumb/v6-m/nofp/libstdc++.a
LOAD /usr/lib/gcc/arm-none-eabi/9.2.1/../../../arm-none-eabi/lib/thumb/v6-m/nofp/libm.a
START GROUP
LOAD /usr/lib/gcc/arm-none-eabi/9.2.1/thumb/v6-m/nofp/libgcc.a
LOAD /usr/lib/gcc/arm-none-eabi/9.2.1/../../../arm-none-eabi/lib/thumb/v6-m/nofp/libg.a
LOAD /usr/lib/gcc/arm-none-eabi/9.2.1/../../../arm-none-eabi/lib/thumb/v6-m/nofp/libc.a
END GROUP
START GROUP
LOAD /usr/lib/gcc/arm-none-eabi/9.2.1/thumb/v6-m/nofp/libgcc.a
LOAD /usr/lib/gcc/arm-none-eabi/9.2.1/../../../arm-none-eabi/lib/thumb/v6-m/nofp/libc.a
LOAD /usr/lib/gcc/arm-none-eabi/9.2.1/../../../arm-none-eabi/lib/thumb/v6-m/nofp/libnosys.a
END GROUP
LOAD /usr/lib/gcc/arm-none-eabi/9.2.1/thumb/v6-m/nofp/crtend.o
LOAD /usr/lib/gcc/arm-none-eabi/9.2.1/thumb/v6-m/nofp/crtn.o
OUTPUT(WaveGuide.elf elf32-littlearm)
LOAD linker stubs

.ARM.attributes
                0x0000000000000000       0x28
 .ARM.attributes
                0x0000000000000000       0x1e /usr/lib/gcc/arm-none-eabi/9.2.1/thumb/v6-m/nofp/crti.o
 .ARM.attributes
                0x000000000000001e       0x2c /usr/lib/gcc/arm-none-eabi/9.2.1/thumb/v6-m/nofp/crtbegin.o
 .ARM.attributes
                0x000000000000004a       0x2c CMakeFiles/WaveGuide.dir/WaveGuide.cpp.obj
 .ARM.attributes
                0x0000000000000076       0x2c CMakeFiles/WaveGuide.dir/home/leviathan/Documents/git/Pico_official/pico/pico-sdk/src/rp2_common/hardware_gpio/gpio.c.obj
 .ARM.attributes
                0x00000000000000a2       0x2c CMakeFiles/WaveGuide.dir/home/leviathan/Documents/git/Pico_official/pico/pico-sdk/src/rp2_common/hardware_claim/claim.c.obj
 .ARM.attributes
                0x00000000000000ce       0x2c CMakeFiles/WaveGuide.dir/home/leviathan/Documents/git/Pico_official/pico/pico-sdk/src/rp2_common/pico_platform/platform.c.obj
 .ARM.attributes
                0x00000000000000fa       0x2c CMakeFiles/WaveGuide.dir/home/leviathan/Documents/git/Pico_official/pico/pico-sdk/src/rp2_common/hardware_sync/sync.c.obj
 .ARM.attributes
                0x0000000000000126       0x2c CMakeFiles/WaveGuide.dir/home/leviathan/Documents/git/Pico_official/pico/pico-sdk/src/rp2_common/hardware_irq/irq.c.obj
 .ARM.attributes
                0x0000000000000152       0x22 CMakeFiles/WaveGuide.dir/home/leviathan/Documents/git/Pico_official/pico/pico-sdk/src/rp2_common/hardware_irq/irq_handler_chain.S.obj
 .ARM.attributes
                0x0000000000000174       0x2c CMakeFiles/WaveGuide.dir/home/leviathan/Documents/git/Pico_official/pico/pico-sdk/src/common/pico_sync/lock_core.c.obj
 .ARM.attributes
                0x00000000000001a0       0x2c CMakeFiles/WaveGuide.dir/home/leviathan/Documents/git/Pico_official/pico/pico-sdk/src/common/pico_time/time.c.obj
 .ARM.attributes
                0x00000000000001cc       0x2c CMakeFiles/WaveGuide.dir/home/leviathan/Documents/git/Pico_official/pico/pico-sdk/src/rp2_common/hardware_timer/timer.c.obj
 .ARM.attributes
                0x00000000000001f8       0x2c CMakeFiles/WaveGuide.dir/home/leviathan/Documents/git/Pico_official/pico/pico-sdk/src/common/pico_util/pheap.c.obj
 .ARM.attributes
                0x0000000000000224       0x2c CMakeFiles/WaveGuide.dir/home/leviathan/Documents/git/Pico_official/pico/pico-sdk/src/common/pico_sync/mutex.c.obj
 .ARM.attributes
                0x0000000000000250       0x2c CMakeFiles/WaveGuide.dir/home/leviathan/Documents/git/Pico_official/pico/pico-sdk/src/rp2_common/hardware_uart/uart.c.obj
 .ARM.attributes
                0x000000000000027c       0x2c CMakeFiles/WaveGuide.dir/home/leviathan/Documents/git/Pico_official/pico/pico-sdk/src/rp2_common/pico_runtime/runtime.c.obj
 .ARM.attributes
                0x00000000000002a8       0x2c CMakeFiles/WaveGuide.dir/home/leviathan/Documents/git/Pico_official/pico/pico-sdk/src/rp2_common/hardware_clocks/clocks.c.obj
 .ARM.attributes
                0x00000000000002d4       0x2c CMakeFiles/WaveGuide.dir/home/leviathan/Documents/git/Pico_official/pico/pico-sdk/src/rp2_common/hardware_pll/pll.c.obj
 .ARM.attributes
                0x0000000000000300       0x2c CMakeFiles/WaveGuide.dir/home/leviathan/Documents/git/Pico_official/pico/pico-sdk/src/rp2_common/hardware_watchdog/watchdog.c.obj
 .ARM.attributes
                0x000000000000032c       0x2c CMakeFiles/WaveGuide.dir/home/leviathan/Documents/git/Pico_official/pico/pico-sdk/src/rp2_common/hardware_xosc/xosc.c.obj
 .ARM.attributes
                0x0000000000000358       0x2c CMakeFiles/WaveGuide.dir/home/leviathan/Documents/git/Pico_official/pico/pico-sdk/src/rp2_common/pico_printf/printf.c.obj
 .ARM.attributes
                0x0000000000000384       0x22 CMakeFiles/WaveGuide.dir/home/leviathan/Documents/git/Pico_official/pico/pico-sdk/src/rp2_common/pico_bit_ops/bit_ops_aeabi.S.obj
 .ARM.attributes
                0x00000000000003a6       0x2c CMakeFiles/WaveGuide.dir/home/leviathan/Documents/git/Pico_official/pico/pico-sdk/src/rp2_common/pico_bootrom/bootrom.c.obj
 .ARM.attributes
                0x00000000000003d2       0x22 CMakeFiles/WaveGuide.dir/home/leviathan/Documents/git/Pico_official/pico/pico-sdk/src/rp2_common/pico_divider/divider.S.obj
 .ARM.attributes
                0x00000000000003f4       0x22 CMakeFiles/WaveGuide.dir/home/leviathan/Documents/git/Pico_official/pico/pico-sdk/src/rp2_common/pico_double/double_aeabi.S.obj
 .ARM.attributes
                0x0000000000000416       0x2c CMakeFiles/WaveGuide.dir/home/leviathan/Documents/git/Pico_official/pico/pico-sdk/src/rp2_common/pico_double/double_init_rom.c.obj
 .ARM.attributes
                0x0000000000000442       0x22 CMakeFiles/WaveGuide.dir/home/leviathan/Documents/git/Pico_official/pico/pico-sdk/src/rp2_common/pico_double/double_v1_rom_shim.S.obj
 .ARM.attributes
                0x0000000000000464       0x22 CMakeFiles/WaveGuide.dir/home/leviathan/Documents/git/Pico_official/pico/pico-sdk/src/rp2_common/pico_int64_ops/pico_int64_ops_aeabi.S.obj
 .ARM.attributes
                0x0000000000000486       0x22 CMakeFiles/WaveGuide.dir/home/leviathan/Documents/git/Pico_official/pico/pico-sdk/src/rp2_common/pico_float/float_aeabi.S.obj
 .ARM.attributes
                0x00000000000004a8       0x2c CMakeFiles/WaveGuide.dir/home/leviathan/Documents/git/Pico_official/pico/pico-sdk/src/rp2_common/pico_float/float_init_rom.c.obj
 .ARM.attributes
                0x00000000000004d4       0x22 CMakeFiles/WaveGuide.dir/home/leviathan/Documents/git/Pico_official/pico/pico-sdk/src/rp2_common/pico_float/float_v1_rom_shim.S.obj
 .ARM.attributes
                0x00000000000004f6       0x22 CMakeFiles/WaveGuide.dir/home/leviathan/Documents/git/Pico_official/pico/pico-sdk/src/rp2_common/pico_mem_ops/mem_ops_aeabi.S.obj
 .ARM.attributes
                0x0000000000000518       0x22 CMakeFiles/WaveGuide.dir/home/leviathan/Documents/git/Pico_official/pico/pico-sdk/src/rp2_common/pico_standard_link/crt0.S.obj
 .ARM.attributes
                0x000000000000053a       0x32 CMakeFiles/WaveGuide.dir/home/leviathan/Documents/git/Pico_official/pico/pico-sdk/src/rp2_common/pico_standard_link/binary_info.c.obj
 .ARM.attributes
                0x000000000000056c       0x2c CMakeFiles/WaveGuide.dir/home/leviathan/Documents/git/Pico_official/pico/pico-sdk/src/rp2_common/pico_stdio/stdio.c.obj
 .ARM.attributes
                0x0000000000000598       0x2c CMakeFiles/WaveGuide.dir/home/leviathan/Documents/git/Pico_official/pico/pico-sdk/src/rp2_common/pico_stdio_uart/stdio_uart.c.obj
 .ARM.attributes
                0x00000000000005c4       0x2c CMakeFiles/WaveGuide.dir/home/leviathan/Documents/git/Pico_official/pico/pico-sdk/src/rp2_common/hardware_spi/spi.c.obj
 .ARM.attributes
                0x00000000000005f0       0x2c CMakeFiles/WaveGuide.dir/home/leviathan/Documents/git/Pico_official/pico/pico-sdk/src/rp2_common/hardware_i2c/i2c.c.obj
 .ARM.attributes
                0x000000000000061c       0x22 /tmp/cco5dx5s.o
 .ARM.attributes